MPLINK 3.94, Linker
Linker Map File - Created Sat Oct 28 09:22:53 2006

                                 Section Info
                  Section       Type    Address   Location Size(Bytes)
                ---------  ---------  ---------  ---------  ---------
               _entry_scn       code   0x000800    program   0x000006
        .idata_stdout.o_i    romdata   0x000806    program   0x000002
        .idata_u1open.o_i    romdata   0x000806    program   0x000000
      InterruptVectorHigh       code   0x000808    program   0x000006
          .code_adcbusy.o       code   0x00080e    program   0x00000a
       InterruptVectorLow       code   0x000818    program   0x000006
                   .cinit    romdata   0x00081e    program   0x000092
         .code_CHOPSHOP.o       code   0x0008b0    program   0x000dc2
         .code_vfprintf.o       code   0x001672    program   0x000c22
    .code_user_routines.o       code   0x002294    program   0x0009be
      .code_ifi_library.o       code   0x002c52    program   0x000722
           .code_camera.o       code   0x003374    program   0x000634
              .code_adc.o       code   0x0039a8    program   0x0003fc
.code_autonomous_mode_1.o       code   0x003da4    program   0x0003c2
                 UTIL_LIB       code   0x004166    program   0x000396
             .code_gyro.o       code   0x0044fc    program   0x000360
     .code_serial_ports.o       code   0x00485c    program   0x0002d4
                     PROG       code   0x004b30    program   0x0002ce
.code_user_routines_fast.o       code   0x004dfe    program   0x000296
    .code_ifi_utilities.o       code   0x005094    program   0x000280
           .code_eeprom.o       code   0x005314    program   0x000190
             .stringtable    romdata   0x0054a4    program   0x000146
.code_autonomous_mode_3.o       code   0x0055ea    program   0x0000da
               _cinit_scn       code   0x0056c4    program   0x00009e
                   STRING       code   0x005762    program   0x000098
           .code_printf.o       code   0x0057fa    program   0x000094
.code_autonomous_mode_2.o       code   0x00588e    program   0x000090
             .code_putc.o       code   0x00591e    program   0x000084
          .code_fxm3232.o       code   0x0059a2    program   0x000070
          .code_adcopen.o       code   0x005a12    program   0x000068
         .code_spi1open.o       code   0x005a7a    program   0x000066
           .code_u1open.o       code   0x005ae0    program   0x000064
.code_autonomous_mode_4.o       code   0x005b44    program   0x00005c
.code_autonomous_mode_0.o       code   0x005ba0    program   0x00005c
         .code_fxd3232u.o       code   0x005bfc    program   0x000048
          .code_adcread.o       code   0x005c44    program   0x00003e
         .code_fxd1616u.o       code   0x005c82    program   0x00002c
             .code_main.o       code   0x005cae    program   0x000028
                    CTYPE       code   0x005cd6    program   0x000024
             _startup_scn       code   0x005cfa    program   0x000020
              D1KTCYXCODE       code   0x005d1a    program   0x000020
                    STDIO       code   0x005d3a    program   0x00001c
              D10TCYXCODE       code   0x005d56    program   0x000016
      .romdata_vfprintf.o    romdata   0x005d6c    program   0x000011
        .romdata_stdout.o    romdata   0x005d7d    program   0x000000
      .romdata_adcclose.o    romdata   0x005d7d    program   0x000000
       .romdata_adcconv.o    romdata   0x005d7d    program   0x000000
       .romdata_adcopen.o    romdata   0x005d7d    program   0x000000
          .romdata_main.o    romdata   0x005d7d    program   0x000000
   .romdata_ifi_startup.o    romdata   0x005d7d    program   0x000000
      .romdata_fxd1616u.o    romdata   0x005d7d    program   0x000000
      .romdata_fxd3232u.o    romdata   0x005d7d    program   0x000000
        .romdata_u1open.o    romdata   0x005d7d    program   0x000000
       .romdata_fxm3232.o    romdata   0x005d7d    program   0x000000
 .romdata_ifi_utilities.o    romdata   0x005d7d    program   0x000000
   .romdata_ifi_library.o    romdata   0x005d7d    program   0x000000
.romdata_autonomous_mode_0.o    romdata   0x005d7d    program   0x000000
.romdata_autonomous_mode_1.o    romdata   0x005d7d    program   0x000000
          .romdata_putc.o    romdata   0x005d7d    program   0x000000
.romdata_autonomous_mode_2.o    romdata   0x005d7d    program   0x000000
        .romdata_eeprom.o    romdata   0x005d7d    program   0x000000
       .romdata_adcread.o    romdata   0x005d7d    program   0x000000
.romdata_autonomous_mode_3.o    romdata   0x005d7d    program   0x000000
      .romdata_CHOPSHOP.o    romdata   0x005d7d    program   0x000000
.romdata_autonomous_mode_4.o    romdata   0x005d7d    program   0x000000
.romdata_user_routines_fast.o    romdata   0x005d7d    program   0x000000
        .romdata_printf.o    romdata   0x005d7d    program   0x000000
          .romdata_gyro.o    romdata   0x005d7d    program   0x000000
.idata_user_routines_fast.o_i    romdata   0x005d7d    program   0x000001
      .idata_vfprintf.o_i    romdata   0x005d7d    program   0x000000
           .romdata_adc.o    romdata   0x005d7d    program   0x000000
 .romdata_user_routines.o    romdata   0x005d7d    program   0x000000
        .romdata_camera.o    romdata   0x005d7d    program   0x000000
       .romdata_adcbusy.o    romdata   0x005d7d    program   0x000000
  .romdata_serial_ports.o    romdata   0x005d7d    program   0x000000
      .romdata_spi1open.o    romdata   0x005d7d    program   0x000000
         .code_adcclose.o       code   0x005d7e    program   0x000006
          .code_adcconv.o       code   0x005d84    program   0x000004
 .idata_user_routines.o_i    romdata   0x005d88    program   0x000020
      .idata_spi1open.o_i    romdata   0x005da8    program   0x000000
  .idata_serial_ports.o_i    romdata   0x005da8    program   0x000019
 .idata_ifi_utilities.o_i    romdata   0x005dc1    program   0x000004
          .idata_main.o_i    romdata   0x005dc1    program   0x000000
          .idata_putc.o_i    romdata   0x005dc1    program   0x000000
        .idata_printf.o_i    romdata   0x005dc1    program   0x000000
   .idata_ifi_library.o_i    romdata   0x005dc5    program   0x000000
       .idata_fxm3232.o_i    romdata   0x005dc5    program   0x000000
      .idata_fxd3232u.o_i    romdata   0x005dc5    program   0x000000
      .idata_fxd1616u.o_i    romdata   0x005dc5    program   0x000000
   .idata_ifi_startup.o_i    romdata   0x005dc5    program   0x000000
          .idata_gyro.o_i    romdata   0x005dc5    program   0x000000
        .idata_eeprom.o_i    romdata   0x005dc5    program   0x000005
        .idata_camera.o_i    romdata   0x005dca    program   0x00000a
.idata_autonomous_mode_4.o_i    romdata   0x005dd4    program   0x000000
.idata_autonomous_mode_3.o_i    romdata   0x005dd4    program   0x000006
.idata_autonomous_mode_2.o_i    romdata   0x005dda    program   0x000003
.idata_autonomous_mode_1.o_i    romdata   0x005ddd    program   0x000017
       .idata_adcread.o_i    romdata   0x005df4    program   0x000000
       .idata_adcopen.o_i    romdata   0x005df4    program   0x000000
       .idata_adcconv.o_i    romdata   0x005df4    program   0x000000
      .idata_adcclose.o_i    romdata   0x005df4    program   0x000000
       .idata_adcbusy.o_i    romdata   0x005df4    program   0x000000
           .idata_adc.o_i    romdata   0x005df4    program   0x000001
.idata_autonomous_mode_0.o_i    romdata   0x005df4    program   0x000000
      .idata_CHOPSHOP.o_i    romdata   0x005df5    program   0x000009
           .code_stdout.o       code   0x005dfe    program   0x000000
      .code_ifi_startup.o       code   0x005dfe    program   0x000000
                  SPI_VAR      udata   0x000000       data   0x000017
                MATH_DATA      udata   0x000017       data   0x000014
                 .tmpdata      udata   0x00002b       data   0x00000a
                DELAYDAT1      udata   0x000035       data   0x000001
                 COPY_VAR      udata   0x000080       data   0x000080
    .udata_serial_ports.o      udata   0x000100       data   0x000080
             .udata_adc.o      udata   0x000180       data   0x00005d
   .idata_user_routines.o      idata   0x0001dd       data   0x000020
.idata_autonomous_mode_2.o      idata   0x0001fd       data   0x000003
   .udata_ifi_utilities.o      udata   0x000200       data   0x000058
            .udata_main.o      udata   0x000258       data   0x000041
          .udata_camera.o      udata   0x000299       data   0x000031
    .idata_serial_ports.o      idata   0x0002ca       data   0x000019
.idata_autonomous_mode_1.o      idata   0x0002e3       data   0x000017
.idata_autonomous_mode_3.o      idata   0x0002fa       data   0x000006
            .udata_gyro.o      udata   0x000300       data   0x00000f
     .udata_ifi_library.o      udata   0x00030f       data   0x00000d
     .udata_ifi_startup.o      udata   0x00031c       data   0x00000a
          .idata_camera.o      idata   0x000326       data   0x00000a
        .idata_CHOPSHOP.o      idata   0x000330       data   0x000009
   .udata_user_routines.o      udata   0x000339       data   0x000008
          .idata_eeprom.o      idata   0x000341       data   0x000005
   .idata_ifi_utilities.o      idata   0x000346       data   0x000004
          .idata_stdout.o      idata   0x00034a       data   0x000002
.idata_user_routines_fast.o      idata   0x00034c       data   0x000001
             .idata_adc.o      idata   0x00034d       data   0x000001
         .udata_fxm3232.o      udata   0x00034e       data   0x000000
         .idata_fxm3232.o      idata   0x00034e       data   0x000000
        .idata_fxd3232u.o      idata   0x00034e       data   0x000000
        .udata_fxd3232u.o      udata   0x00034e       data   0x000000
     .idata_ifi_library.o      idata   0x00034e       data   0x000000
          .udata_u1open.o      udata   0x00034e       data   0x000000
          .idata_u1open.o      idata   0x00034e       data   0x000000
         .udata_adcopen.o      udata   0x00034e       data   0x000000
         .idata_adcopen.o      idata   0x00034e       data   0x000000
        .udata_spi1open.o      udata   0x00034e       data   0x000000
        .idata_spi1open.o      idata   0x00034e       data   0x000000
         .udata_adcread.o      udata   0x00034e       data   0x000000
         .idata_adcread.o      idata   0x00034e       data   0x000000
          .udata_printf.o      udata   0x00034e       data   0x000000
          .idata_printf.o      idata   0x00034e       data   0x000000
          .udata_stdout.o      udata   0x00034e       data   0x000000
        .udata_vfprintf.o      udata   0x00034e       data   0x000000
        .idata_vfprintf.o      idata   0x00034e       data   0x000000
            .udata_putc.o      udata   0x00034e       data   0x000000
.udata_user_routines_fast.o      udata   0x00034e       data   0x000000
        .udata_CHOPSHOP.o      udata   0x00034e       data   0x000000
.udata_autonomous_mode_0.o      udata   0x00034e       data   0x000000
.idata_autonomous_mode_0.o      idata   0x00034e       data   0x000000
.udata_autonomous_mode_1.o      udata   0x00034e       data   0x000000
.udata_autonomous_mode_2.o      udata   0x00034e       data   0x000000
            .idata_main.o      idata   0x00034e       data   0x000000
.udata_autonomous_mode_3.o      udata   0x00034e       data   0x000000
.udata_autonomous_mode_4.o      udata   0x00034e       data   0x000000
.idata_autonomous_mode_4.o      idata   0x00034e       data   0x000000
            .idata_gyro.o      idata   0x00034e       data   0x000000
     .idata_ifi_startup.o      idata   0x00034e       data   0x000000
            .idata_putc.o      idata   0x00034e       data   0x000000
         .udata_adcbusy.o      udata   0x00034e       data   0x000000
         .idata_adcbusy.o      idata   0x00034e       data   0x000000
        .udata_adcclose.o      udata   0x00034e       data   0x000000
        .idata_adcclose.o      idata   0x00034e       data   0x000000
         .udata_adcconv.o      udata   0x00034e       data   0x000000
         .idata_adcconv.o      idata   0x00034e       data   0x000000
        .udata_fxd1616u.o      udata   0x00034e       data   0x000000
        .idata_fxd1616u.o      idata   0x00034e       data   0x000000
                   .stack      udata   0x000e00       data   0x000100
          .udata_eeprom.o      udata   0x000f00       data   0x000060
            SFR_UNBANKED0      udata   0x000f62       data   0x00009e



                              Program Memory Usage 
                               Start         End      
                           ---------   ---------      
                            0x000800    0x005dfd      
            22014 out of 132120 program addresses used, program memory utilization is 16%



                              Symbols - Sorted by Name
                     Name    Address   Location    Storage File                     
                ---------  ---------  ---------  --------- ---------                
          ADC_Int_Handler   0x003c06    program     extern C:\FIRST\ATLcode\WorkHere\adc.c
                  Adj_lp4   0x0044f2    program     static C:\FrcCode_2006_8722\Util_lib.asm
                  Adjust4   0x0044ee    program     static C:\FrcCode_2006_8722\Util_lib.asm
                 Aim_High   0x002c40    program     extern C:\FIRST\ATLcode\WorkHere\user_routines.c
                  BusyADC   0x00080e    program     extern C:\mcc18\src\TRADIT~1\pmc\ADC\adcbusy.c
           Camera_Handler   0x003374    program     extern C:\FIRST\ATLcode\WorkHere\camera.c
              Camera_Idle   0x00388e    program     extern C:\FIRST\ATLcode\WorkHere\camera.c
Camera_Serial_Port_Byte_Count   0x003950    program     extern C:\FIRST\ATLcode\WorkHere\camera.c
     Camera_State_Machine   0x0033e6    program     extern C:\FIRST\ATLcode\WorkHere\camera.c
       Check_4_Violations   0x002f9a    program     extern C:\FrcCode_2006_8722\ifi_library.c
               Clear_Bank   0x004180    program     static C:\FrcCode_2006_8722\Util_lib.asm
               Clear_Loop   0x00416c    program     static C:\FrcCode_2006_8722\Util_lib.asm
             Clear_Memory   0x004166    program     extern C:\FrcCode_2006_8722\Util_lib.asm
       Clear_SPIdata_flag   0x002f0c    program     extern C:\FrcCode_2006_8722\ifi_library.c
                 CloseADC   0x005d7e    program     extern C:\mcc18\src\TRADIT~1\pmc\ADC\adcclose.c
               ConvertADC   0x005d84    program     extern C:\mcc18\src\TRADIT~1\pmc\ADC\adcconv.c
        Convert_ADC_to_mV   0x003b50    program     extern C:\FIRST\ATLcode\WorkHere\adc.c
                    D10_1   0x005d66    program     static C:\MCC18\SRC\TRADIT~1\DELAYS\d10tcyx.asm
                     D10x   0x005d5e    program     static C:\MCC18\SRC\TRADIT~1\DELAYS\d10tcyx.asm
                   D1616S   0x004b7c    program     static C:\MCC18\SRC\TRADIT~1\MATH\fxd1616s.asm
                D1616SNEG   0x004b8a    program     static C:\MCC18\SRC\TRADIT~1\MATH\fxd1616s.asm
                 D1616SOK   0x004b86    program     static C:\MCC18\SRC\TRADIT~1\MATH\fxd1616s.asm
                  D1616SX   0x004b9c    program     static C:\MCC18\SRC\TRADIT~1\MATH\fxd1616s.asm
                    D1K_1   0x005d26    program     static C:\MCC18\SRC\TRADIT~1\DELAYS\d1ktcyx.asm
                     D1Kx   0x005d24    program     static C:\MCC18\SRC\TRADIT~1\DELAYS\d1ktcyx.asm
                   D3232S   0x004bd6    program     static C:\MCC18\SRC\TRADIT~1\MATH\fxd3232s.asm
                D3232SNEG   0x004be4    program     static C:\MCC18\SRC\TRADIT~1\MATH\fxd3232s.asm
                 D3232SOK   0x004be0    program     static C:\MCC18\SRC\TRADIT~1\MATH\fxd3232s.asm
                  D3232SX   0x004c04    program     static C:\MCC18\SRC\TRADIT~1\MATH\fxd3232s.asm
                  DA1616S   0x004b6c    program     static C:\MCC18\SRC\TRADIT~1\MATH\fxd1616s.asm
                  DA3232S   0x004bc0    program     static C:\MCC18\SRC\TRADIT~1\MATH\fxd3232s.asm
                      DL1   0x0044ae    program     static C:\FrcCode_2006_8722\Util_lib.asm
                      DL2   0x0044c4    program     static C:\FrcCode_2006_8722\Util_lib.asm
          Dead_Space_Loop   0x0044aa    program     static C:\FrcCode_2006_8722\Util_lib.asm
          Default_Routine   0x0024b0    program     extern C:\FIRST\ATLcode\WorkHere\user_routines.c
              Delay10TCYx   0x005d56    program     extern C:\MCC18\SRC\TRADIT~1\DELAYS\d10tcyx.asm
              Delay1KTCYx   0x005d1a    program     extern C:\MCC18\SRC\TRADIT~1\DELAYS\d1ktcyx.asm
              Disable_ADC   0x003a1e    program     extern C:\FIRST\ATLcode\WorkHere\adc.c
          Disable_Timer_2   0x003ae8    program     extern C:\FIRST\ATLcode\WorkHere\adc.c
              DisplayBufr   0x0051ae    program     extern C:\FIRST\ATLcode\WorkHere\ifi_utilities.c
              EEPROM_prep   0x005348    program     extern C:\FIRST\ATLcode\WorkHere\eeprom.c
              EEPROM_read   0x005314    program     extern C:\FIRST\ATLcode\WorkHere\eeprom.c
             EEPROM_write   0x0053b4    program     extern C:\FIRST\ATLcode\WorkHere\eeprom.c
                 FLO1632S   0x004b34    program     extern C:\MCC18\SRC\TRADIT~1\MATH\cast16FP.asm
                 FLO1632U   0x004b30    program     extern C:\MCC18\SRC\TRADIT~1\MATH\cast16FP.asm
                 FXD1616S   0x004b5a    program     extern C:\MCC18\SRC\TRADIT~1\MATH\fxd1616s.asm
                 FXD1616U   0x005c82    program     extern C:\mcc18\src\TRADIT~1\math\fxd1616u.c
                 FXD3232S   0x004ba6    program     extern C:\MCC18\SRC\TRADIT~1\MATH\fxd3232s.asm
                 FXD3232U   0x005bfc    program     extern C:\mcc18\src\TRADIT~1\math\fxd3232u.c
                 FXM1616S   0x004c0e    program     extern C:\MCC18\SRC\TRADIT~1\MATH\fxm1616s.asm
                 FXM1616U   0x004c68    program     extern C:\MCC18\SRC\TRADIT~1\MATH\fxm1616u.asm
                  FXM3232   0x0059a2    program     extern C:\mcc18\src\TRADIT~1\math\fxm3232.c
            Generate_Pwms   0x004404    program     extern C:\FrcCode_2006_8722\Util_lib.asm
       Generate_Pwms_Cont   0x004448    program     static C:\FrcCode_2006_8722\Util_lib.asm
        GetDataFromMaster   0x0042dc    program     extern C:\FrcCode_2006_8722\Util_lib.asm
           Get_ADC_Result   0x003aee    program     extern C:\FIRST\ATLcode\WorkHere\adc.c
     Get_ADC_Result_Count   0x003bd8    program     extern C:\FIRST\ATLcode\WorkHere\adc.c
         Get_Analog_Value   0x00528e    program     extern C:\FIRST\ATLcode\WorkHere\ifi_utilities.c
         Get_Camera_State   0x00389e    program     extern C:\FIRST\ATLcode\WorkHere\camera.c
           Get_Gyro_Angle   0x0045b6    program     extern C:\FIRST\ATLcode\WorkHere\gyro.c
            Get_Gyro_Bias   0x00475c    program     extern C:\FIRST\ATLcode\WorkHere\gyro.c
            Get_Gyro_Rate   0x00450a    program     extern C:\FIRST\ATLcode\WorkHere\gyro.c
                  Getdata   0x002e60    program     extern C:\FrcCode_2006_8722\ifi_library.c
           Handle_Spi_Int   0x002e08    program     extern C:\FrcCode_2006_8722\ifi_library.c
               Hex_output   0x00418a    program     extern C:\FrcCode_2006_8722\Util_lib.asm
       IFI_Initialization   0x002d0e    program     extern C:\FrcCode_2006_8722\ifi_library.c
                  INT3208   0x004ca4    program     extern C:\MCC18\SRC\TRADIT~1\MATH\castFP08.asm
     Init_Serial_Port_One   0x00485c    program     extern C:\FIRST\ATLcode\WorkHere\serial_ports.c
     Init_Serial_Port_Two   0x00488e    program     extern C:\FIRST\ATLcode\WorkHere\serial_ports.c
           Initialize_ADC   0x0039a8    program     extern C:\FIRST\ATLcode\WorkHere\adc.c
        Initialize_Camera   0x003568    program     extern C:\FIRST\ATLcode\WorkHere\camera.c
          Initialize_Gyro   0x0044fc    program     extern C:\FIRST\ATLcode\WorkHere\gyro.c
     Initialize_Registers   0x002c96    program     extern C:\FrcCode_2006_8722\ifi_library.c
  Initialize_Serial_Comms   0x00525c    program     extern C:\FIRST\ATLcode\WorkHere\ifi_utilities.c
       Initialize_Timer_2   0x003a38    program     extern C:\FIRST\ATLcode\WorkHere\adc.c
     InterruptHandlerHigh   0x002c52    program     extern C:\FrcCode_2006_8722\ifi_library.c
      InterruptHandlerLow   0x004dfe    program     extern C:\FIRST\ATLcode\WorkHere\user_routines_fast.c
      InterruptVectorHigh   0x000808    program     extern C:\FrcCode_2006_8722\ifi_library.c
       InterruptVectorLow   0x000818    program     extern C:\FIRST\ATLcode\WorkHere\user_routines_fast.c
                      LP4   0x00444c    program     static C:\FrcCode_2006_8722\Util_lib.asm
                LP4_Cont1   0x004456    program     static C:\FrcCode_2006_8722\Util_lib.asm
                LP4_Cont2   0x004460    program     static C:\FrcCode_2006_8722\Util_lib.asm
                LP4_Cont3   0x00446a    program     static C:\FrcCode_2006_8722\Util_lib.asm
                LP4_Cont4   0x004476    program     static C:\FrcCode_2006_8722\Util_lib.asm
                LP4_Cont5   0x004480    program     static C:\FrcCode_2006_8722\Util_lib.asm
                LP4_Cont6   0x00448a    program     static C:\FrcCode_2006_8722\Util_lib.asm
                LP4_Cont7   0x004494    program     static C:\FrcCode_2006_8722\Util_lib.asm
                LP4_Cont8   0x00449e    program     static C:\FrcCode_2006_8722\Util_lib.asm
           MoveData4Buff0   0x004252    program     static C:\FrcCode_2006_8722\Util_lib.asm
        MoveDataFromBuff1   0x00437a    program     static C:\FrcCode_2006_8722\Util_lib.asm
             Noise_Filter   0x0038e2    program     extern C:\FIRST\ATLcode\WorkHere\camera.c
               Open1USART   0x005ae0    program     extern C:\mcc18\src\TRADIT~1\pmc\USART\u1open.c
                  OpenADC   0x005a12    program     extern C:\mcc18\src\TRADIT~1\pmc\ADC\adcopen.c
                 OpenSPI1   0x005a7a    program     extern C:\mcc18\src\TRADIT~1\pmc\SPI\spi1open.c
          PacketNum_Check   0x0051f0    program     extern C:\FIRST\ATLcode\WorkHere\ifi_utilities.c
    Prep_SPI_4_First_Byte   0x002daa    program     extern C:\FrcCode_2006_8722\ifi_library.c
                PrintByte   0x00509e    program     extern C:\FIRST\ATLcode\WorkHere\ifi_utilities.c
              PrintString   0x00510c    program     extern C:\FIRST\ATLcode\WorkHere\ifi_utilities.c
                PrintWord   0x0050c0    program     extern C:\FIRST\ATLcode\WorkHere\ifi_utilities.c
Process_Data_From_Local_IO   0x005072    program     extern C:\FIRST\ATLcode\WorkHere\user_routines_fast.c
Process_Data_From_Master_uP   0x002382    program     extern C:\FIRST\ATLcode\WorkHere\user_routines.c
        Process_Gyro_Data   0x004790    program     extern C:\FIRST\ATLcode\WorkHere\gyro.c
                  Putdata   0x002e92    program     extern C:\FrcCode_2006_8722\ifi_library.c
                Pwm_Delay   0x0044da    program     static C:\FrcCode_2006_8722\Util_lib.asm
                 Raw_Mode   0x0038a6    program     extern C:\FIRST\ATLcode\WorkHere\camera.c
                  ReadADC   0x005c44    program     extern C:\mcc18\src\TRADIT~1\pmc\ADC\adcread.c
  Read_Camera_Serial_Port   0x003958    program     extern C:\FIRST\ATLcode\WorkHere\camera.c
     Read_Serial_Port_One   0x004900    program     extern C:\FIRST\ATLcode\WorkHere\serial_ports.c
     Read_Serial_Port_Two   0x00494c    program     extern C:\FIRST\ATLcode\WorkHere\serial_ports.c
Read_Terminal_Serial_Port   0x003984    program     extern C:\FIRST\ATLcode\WorkHere\camera.c
   Reset_ADC_Result_Count   0x003bf8    program     extern C:\FIRST\ATLcode\WorkHere\adc.c
         Reset_Gyro_Angle   0x004784    program     extern C:\FIRST\ATLcode\WorkHere\gyro.c
           Restart_Camera   0x003898    program     extern C:\FIRST\ATLcode\WorkHere\camera.c
         Rx_1_Int_Handler   0x004a1c    program     extern C:\FIRST\ATLcode\WorkHere\serial_ports.c
         Rx_2_Int_Handler   0x004a5a    program     extern C:\FIRST\ATLcode\WorkHere\serial_ports.c
         SendDataToMaster   0x0041b8    program     extern C:\FrcCode_2006_8722\Util_lib.asm
     Serial_Char_Callback   0x005084    program     extern C:\FIRST\ATLcode\WorkHere\user_routines_fast.c
Serial_Port_One_Byte_Count   0x0048c0    program     extern C:\FIRST\ATLcode\WorkHere\serial_ports.c
Serial_Port_Two_Byte_Count   0x0048e0    program     extern C:\FIRST\ATLcode\WorkHere\serial_ports.c
            Set_Gyro_Bias   0x004768    program     extern C:\FIRST\ATLcode\WorkHere\gyro.c
Set_Number_of_Analog_Channels   0x005278    program     extern C:\FIRST\ATLcode\WorkHere\ifi_utilities.c
    Setup_PWM_Output_Type   0x002f16    program     extern C:\FrcCode_2006_8722\ifi_library.c
          Setup_Spi_Slave   0x002c80    program     extern C:\FrcCode_2006_8722\ifi_library.c
Six_Lines_of_Gatherer_Code   0x002bec    program     extern C:\FIRST\ATLcode\WorkHere\user_routines.c
Squishy_Drive_1stickdrive   0x000dee    program     extern C:\FIRST\ATLcode\WorkHere\CHOPSHOP.C
     Start_Gyro_Bias_Calc   0x004700    program     extern C:\FIRST\ATLcode\WorkHere\gyro.c
      Stop_Gyro_Bias_Calc   0x004718    program     extern C:\FIRST\ATLcode\WorkHere\gyro.c
               TSIGN1616A   0x004c5a    program     static C:\MCC18\SRC\TRADIT~1\MATH\fxm1616s.asm
Terminal_Serial_Port_Byte_Count   0x00397c    program     extern C:\FIRST\ATLcode\WorkHere\camera.c
             TerminateGet   0x0043fa    program     static C:\FrcCode_2006_8722\Util_lib.asm
            TerminateSend   0x0042d2    program     static C:\FrcCode_2006_8722\Util_lib.asm
      Timer_2_Int_Handler   0x003c02    program     extern C:\FIRST\ATLcode\WorkHere\adc.c
              Track_Color   0x00382a    program     extern C:\FIRST\ATLcode\WorkHere\camera.c
         Tx_1_Int_Handler   0x004a98    program     extern C:\FIRST\ATLcode\WorkHere\serial_ports.c
         Tx_2_Int_Handler   0x004ac8    program     extern C:\FIRST\ATLcode\WorkHere\serial_ports.c
  UpdateLocalPWMDirection   0x0041b6    program     extern C:\FrcCode_2006_8722\Util_lib.asm
     User_Autonomous_Code   0x004f3e    program     extern C:\FIRST\ATLcode\WorkHere\user_routines_fast.c
   User_Autonomous_Code_0   0x005ba0    program     extern C:\FIRST\ATLcode\WorkHere\autonomous_mode_0.c
   User_Autonomous_Code_1   0x003da4    program     extern C:\FIRST\ATLcode\WorkHere\autonomous_mode_1.c
   User_Autonomous_Code_2   0x00588e    program     extern C:\FIRST\ATLcode\WorkHere\autonomous_mode_2.c
   User_Autonomous_Code_3   0x0055ea    program     extern C:\FIRST\ATLcode\WorkHere\autonomous_mode_3.c
   User_Autonomous_Code_4   0x005b44    program     extern C:\FIRST\ATLcode\WorkHere\autonomous_mode_4.c
      User_Initialization   0x002294    program     extern C:\FIRST\ATLcode\WorkHere\user_routines.c
       User_Proc_Is_Ready   0x002da0    program     extern C:\FrcCode_2006_8722\ifi_library.c
             Wait4TXEmpty   0x005094    program     extern C:\FIRST\ATLcode\WorkHere\ifi_utilities.c
Write_Camera_Module_Register   0x003914    program     extern C:\FIRST\ATLcode\WorkHere\camera.c
 Write_Camera_Serial_Port   0x003960    program     extern C:\FIRST\ATLcode\WorkHere\camera.c
    Write_Serial_Port_One   0x004998    program     extern C:\FIRST\ATLcode\WorkHere\serial_ports.c
    Write_Serial_Port_Two   0x0049da    program     extern C:\FIRST\ATLcode\WorkHere\serial_ports.c
Write_Terminal_Serial_Port   0x00398c    program     extern C:\FIRST\ATLcode\WorkHere\camera.c
                   _2jEnd   0x0057e4    program     static C:\MCC18\SRC\TRADIT~1\STDCLIB\slenpgm.asm
        _D10TCYXCODE_000A   0x005d60    program     static C:\MCC18\SRC\TRADIT~1\DELAYS\d10tcyx.asm
        _D10TCYXCODE_000C   0x005d62    program     static C:\MCC18\SRC\TRADIT~1\DELAYS\d10tcyx.asm
        _D10TCYXCODE_000E   0x005d64    program     static C:\MCC18\SRC\TRADIT~1\DELAYS\d10tcyx.asm
        _D1KTCYXCODE_0010   0x005d2a    program     static C:\MCC18\SRC\TRADIT~1\DELAYS\d1ktcyx.asm
        _D1KTCYXCODE_0016   0x005d30    program     static C:\MCC18\SRC\TRADIT~1\DELAYS\d1ktcyx.asm
                 __FpExit   0x004cfe    program     extern C:\MCC18\SRC\TRADIT~1\MATH\packFP.asm
                 __FpPack   0x004d2a    program     extern C:\MCC18\SRC\TRADIT~1\MATH\packFP.asm
            __FpReturnNaN   0x004cf2    program     extern C:\MCC18\SRC\TRADIT~1\MATH\packFP.asm
         __FpReturnNegInf   0x004d04    program     extern C:\MCC18\SRC\TRADIT~1\MATH\packFP.asm
        __FpReturnNegZero   0x004d1c    program     extern C:\MCC18\SRC\TRADIT~1\MATH\packFP.asm
         __FpReturnPosInf   0x004d0a    program     extern C:\MCC18\SRC\TRADIT~1\MATH\packFP.asm
        __FpReturnPosZero   0x004d24    program     extern C:\MCC18\SRC\TRADIT~1\MATH\packFP.asm
        __FpReturnSignInf   0x004d00    program     extern C:\MCC18\SRC\TRADIT~1\MATH\packFP.asm
       __FpReturnSignZero   0x004d18    program     extern C:\MCC18\SRC\TRADIT~1\MATH\packFP.asm
              __FpReturnW   0x004d82    program     extern C:\MCC18\SRC\TRADIT~1\MATH\packFP.asm
              __FpUnPackA   0x004da2    program     extern C:\MCC18\SRC\TRADIT~1\MATH\UnpackFP.asm
              __FpUnPackB   0x004dd2    program     extern C:\MCC18\SRC\TRADIT~1\MATH\UnpackFP.asm
       ___return_lbl00000   0x00080c    program     static                          
       ___return_lbl00000   0x005a10    program     static                          
       ___return_lbl00000   0x005c42    program     static                          
       ___return_lbl00000   0x00081c    program     static                          
       ___return_lbl00000   0x000804    program     static                          
       ___return_lbl00000   0x005cac    program     static                          
       ___return_lbl00001   0x005d18    program     static                          
       ___return_lbl00002   0x005760    program     static                          
                   __pa_0   0x001fb2    program     static C:\mcc18\src\TRADIT~1\stdclib\vfprintf.c
                   __pa_1   0x001fba    program     static C:\mcc18\src\TRADIT~1\stdclib\vfprintf.c
                  __pa_10   0x00206e    program     static C:\mcc18\src\TRADIT~1\stdclib\vfprintf.c
                  __pa_11   0x00207c    program     static C:\mcc18\src\TRADIT~1\stdclib\vfprintf.c
                  __pa_12   0x002092    program     static C:\mcc18\src\TRADIT~1\stdclib\vfprintf.c
                  __pa_13   0x0020ac    program     static C:\mcc18\src\TRADIT~1\stdclib\vfprintf.c
                  __pa_14   0x0020c4    program     static C:\mcc18\src\TRADIT~1\stdclib\vfprintf.c
                  __pa_15   0x0020d4    program     static C:\mcc18\src\TRADIT~1\stdclib\vfprintf.c
                  __pa_16   0x0020ea    program     static C:\mcc18\src\TRADIT~1\stdclib\vfprintf.c
                  __pa_17   0x0020fc    program     static C:\mcc18\src\TRADIT~1\stdclib\vfprintf.c
                  __pa_18   0x00210e    program     static C:\mcc18\src\TRADIT~1\stdclib\vfprintf.c
                  __pa_19   0x002118    program     static C:\mcc18\src\TRADIT~1\stdclib\vfprintf.c
                   __pa_2   0x001fc4    program     static C:\mcc18\src\TRADIT~1\stdclib\vfprintf.c
                  __pa_20   0x002128    program     static C:\mcc18\src\TRADIT~1\stdclib\vfprintf.c
                  __pa_21   0x002138    program     static C:\mcc18\src\TRADIT~1\stdclib\vfprintf.c
                  __pa_22   0x002148    program     static C:\mcc18\src\TRADIT~1\stdclib\vfprintf.c
                  __pa_23   0x002154    program     static C:\mcc18\src\TRADIT~1\stdclib\vfprintf.c
                  __pa_24   0x002162    program     static C:\mcc18\src\TRADIT~1\stdclib\vfprintf.c
                  __pa_25   0x00216a    program     static C:\mcc18\src\TRADIT~1\stdclib\vfprintf.c
                  __pa_26   0x002174    program     static C:\mcc18\src\TRADIT~1\stdclib\vfprintf.c
                  __pa_27   0x00217e    program     static C:\mcc18\src\TRADIT~1\stdclib\vfprintf.c
                  __pa_28   0x002186    program     static C:\mcc18\src\TRADIT~1\stdclib\vfprintf.c
                  __pa_29   0x002194    program     static C:\mcc18\src\TRADIT~1\stdclib\vfprintf.c
                   __pa_3   0x001fce    program     static C:\mcc18\src\TRADIT~1\stdclib\vfprintf.c
                  __pa_30   0x0021b0    program     static C:\mcc18\src\TRADIT~1\stdclib\vfprintf.c
                  __pa_31   0x0021ca    program     static C:\mcc18\src\TRADIT~1\stdclib\vfprintf.c
                  __pa_32   0x0021e4    program     static C:\mcc18\src\TRADIT~1\stdclib\vfprintf.c
                  __pa_33   0x0021fc    program     static C:\mcc18\src\TRADIT~1\stdclib\vfprintf.c
                  __pa_34   0x002206    program     static C:\mcc18\src\TRADIT~1\stdclib\vfprintf.c
                  __pa_35   0x002214    program     static C:\mcc18\src\TRADIT~1\stdclib\vfprintf.c
                  __pa_36   0x00221c    program     static C:\mcc18\src\TRADIT~1\stdclib\vfprintf.c
                  __pa_37   0x002226    program     static C:\mcc18\src\TRADIT~1\stdclib\vfprintf.c
                  __pa_38   0x002236    program     static C:\mcc18\src\TRADIT~1\stdclib\vfprintf.c
                  __pa_39   0x002244    program     static C:\mcc18\src\TRADIT~1\stdclib\vfprintf.c
                   __pa_4   0x001fe6    program     static C:\mcc18\src\TRADIT~1\stdclib\vfprintf.c
                  __pa_40   0x002250    program     static C:\mcc18\src\TRADIT~1\stdclib\vfprintf.c
                  __pa_41   0x00225c    program     static C:\mcc18\src\TRADIT~1\stdclib\vfprintf.c
                  __pa_42   0x002264    program     static C:\mcc18\src\TRADIT~1\stdclib\vfprintf.c
                  __pa_43   0x00226e    program     static C:\mcc18\src\TRADIT~1\stdclib\vfprintf.c
                  __pa_44   0x002274    program     static C:\mcc18\src\TRADIT~1\stdclib\vfprintf.c
                  __pa_45   0x00227e    program     static C:\mcc18\src\TRADIT~1\stdclib\vfprintf.c
                  __pa_46   0x00228a    program     static C:\mcc18\src\TRADIT~1\stdclib\vfprintf.c
                   __pa_5   0x001ffa    program     static C:\mcc18\src\TRADIT~1\stdclib\vfprintf.c
                   __pa_6   0x002016    program     static C:\mcc18\src\TRADIT~1\stdclib\vfprintf.c
                   __pa_7   0x002020    program     static C:\mcc18\src\TRADIT~1\stdclib\vfprintf.c
                   __pa_8   0x00202c    program     static C:\mcc18\src\TRADIT~1\stdclib\vfprintf.c
                   __pa_9   0x00204e    program     static C:\mcc18\src\TRADIT~1\stdclib\vfprintf.c
               __string_0   0x0055b8    program     static C:\FIRST\ATLcode\WorkHere\autonomous_mode_1.c
               __string_0   0x005583    program     static C:\FIRST\ATLcode\WorkHere\user_routines_fast.c
               __string_0   0x005569    program     static C:\FIRST\ATLcode\WorkHere\user_routines.c
               __string_1   0x005563    program     static C:\FIRST\ATLcode\WorkHere\user_routines.c
               __string_2   0x005548    program     static C:\FIRST\ATLcode\WorkHere\user_routines.c
               __string_3   0x00552c    program     static C:\FIRST\ATLcode\WorkHere\user_routines.c
               __string_4   0x005513    program     static C:\FIRST\ATLcode\WorkHere\user_routines.c
               __string_5   0x0054fa    program     static C:\FIRST\ATLcode\WorkHere\user_routines.c
               __string_6   0x0054d5    program     static C:\FIRST\ATLcode\WorkHere\user_routines.c
               __string_7   0x0054b6    program     static C:\FIRST\ATLcode\WorkHere\user_routines.c
               __string_8   0x0054a4    program     static C:\FIRST\ATLcode\WorkHere\user_routines.c
              __tmplbl_42   0x002148    program     static                          
              __tmplbl_43   0x001f94    program     static                          
              __tmplbl_44   0x001f7a    program     static                          
              __tmplbl_86   0x0016c8    program     static                          
                _do_cinit   0x0056c4    program     extern C:\FIRST\ATLcode\WorkHere\ifi_startup.c
                   _entry   0x000800    program     extern C:\FIRST\ATLcode\WorkHere\ifi_startup.c
                   _false   0x005c3e    program     static                          
                 _startup   0x005cfa    program     extern C:\FIRST\ATLcode\WorkHere\ifi_startup.c
              _usart_putc   0x005d3a    program     extern C:\MCC18\SRC\TRADIT~1\PMC\USART\_usartpc.asm
               _user_putc   0x004af8    program     extern C:\FIRST\ATLcode\WorkHere\serial_ports.c
                      abs   0x001618    program     extern C:\FIRST\ATLcode\WorkHere\CHOPSHOP.C
               aimed_shot   0x002834    program     extern C:\FIRST\ATLcode\WorkHere\user_routines.c
    control_shooter_speed   0x002c50    program     extern C:\FIRST\ATLcode\WorkHere\user_routines.c
                copy_loop   0x005736    program     static                          
            copy_one_byte   0x00573c    program     static                          
        distance_traveled   0x00145c    program     extern C:\FIRST\ATLcode\WorkHere\CHOPSHOP.C
                     done   0x005760    program     static                          
             done_copying   0x00574a    program     static                          
                  endloop   0x005ca8    program     static                          
     find_linear_equation   0x0014d8    program     extern C:\FIRST\ATLcode\WorkHere\CHOPSHOP.C
               gearSwitch   0x0027a0    program     extern C:\FIRST\ATLcode\WorkHere\user_routines.c
        initialize_timer1   0x0013a6    program     extern C:\FIRST\ATLcode\WorkHere\CHOPSHOP.C
        initialize_timer3   0x0013ba    program     extern C:\FIRST\ATLcode\WorkHere\CHOPSHOP.C
                  isdigit   0x005cd6    program     extern C:\MCC18\SRC\TRADIT~1\STDCLIB\isdigit.asm
                     jEnd   0x005792    program     static C:\MCC18\SRC\TRADIT~1\STDCLIB\scpyp2r.asm
                     jEnd   0x0057ae    program     static C:\MCC18\SRC\TRADIT~1\STDCLIB\strlen.asm
                     jEnd   0x0057e6    program     static C:\MCC18\SRC\TRADIT~1\STDCLIB\slenpgm.asm
                    jExit   0x004cf0    program     static C:\MCC18\SRC\TRADIT~1\MATH\castFP08.asm
                jI2F16Beg   0x004b44    program     static C:\MCC18\SRC\TRADIT~1\MATH\cast16FP.asm
                    jLoop   0x005788    program     static C:\MCC18\SRC\TRADIT~1\STDCLIB\scpyp2r.asm
                    jLoop   0x0057a4    program     static C:\MCC18\SRC\TRADIT~1\STDCLIB\strlen.asm
                    jLoop   0x0057ce    program     static C:\MCC18\SRC\TRADIT~1\STDCLIB\slenpgm.asm
                    jLoop   0x004cd8    program     static C:\MCC18\SRC\TRADIT~1\MATH\castFP08.asm
                jLoopExit   0x004ce6    program     static C:\MCC18\SRC\TRADIT~1\MATH\castFP08.asm
                   jMatch   0x005cf6    program     static C:\MCC18\SRC\TRADIT~1\STDCLIB\isdigit.asm
                     jMax   0x004cb4    program     static C:\MCC18\SRC\TRADIT~1\MATH\castFP08.asm
                  jMaxNeg   0x004cbe    program     static C:\MCC18\SRC\TRADIT~1\MATH\castFP08.asm
                  jMaxPos   0x004cb8    program     static C:\MCC18\SRC\TRADIT~1\MATH\castFP08.asm
                 jNoMatch   0x005cf8    program     static C:\MCC18\SRC\TRADIT~1\STDCLIB\isdigit.asm
                  jNotInf   0x004cc8    program     static C:\MCC18\SRC\TRADIT~1\MATH\castFP08.asm
                  jPkLoop   0x004d38    program     static C:\MCC18\SRC\TRADIT~1\MATH\packFP.asm
             jPkRoundDone   0x004d82    program     static C:\MCC18\SRC\TRADIT~1\MATH\packFP.asm
               jPkRoundIt   0x004d6a    program     static C:\MCC18\SRC\TRADIT~1\MATH\packFP.asm
             jPkShiftDone   0x004d54    program     static C:\MCC18\SRC\TRADIT~1\MATH\packFP.asm
           jReturnPosInf0   0x004d0e    program     static C:\MCC18\SRC\TRADIT~1\MATH\packFP.asm
                  jUnpkA1   0x004dac    program     static C:\MCC18\SRC\TRADIT~1\MATH\UnpackFP.asm
                  jUnpkA2   0x004dc4    program     static C:\MCC18\SRC\TRADIT~1\MATH\UnpackFP.asm
                 jUnpkANZ   0x004dba    program     static C:\MCC18\SRC\TRADIT~1\MATH\UnpackFP.asm
                  jUnpkB1   0x004ddc    program     static C:\MCC18\SRC\TRADIT~1\MATH\UnpackFP.asm
                  jUnpkB2   0x004df4    program     static C:\MCC18\SRC\TRADIT~1\MATH\UnpackFP.asm
                 jUnpkBNZ   0x004dea    program     static C:\MCC18\SRC\TRADIT~1\MATH\UnpackFP.asm
                 jUnpkNaN   0x004dce    program     static C:\MCC18\SRC\TRADIT~1\MATH\UnpackFP.asm
                    jZero   0x004cc4    program     static C:\MCC18\SRC\TRADIT~1\MATH\castFP08.asm
               jZero1and2   0x004d12    program     static C:\MCC18\SRC\TRADIT~1\MATH\packFP.asm
                     loop   0x005d0a    program     static                          
                     loop   0x005c8c    program     static                          
                     loop   0x005d4a    program     static C:\MCC18\SRC\TRADIT~1\PMC\USART\_usartpc.asm
                     loop   0x005c0a    program     static                          
                     main   0x005cae    program     extern C:\FIRST\ATLcode\WorkHere\main.c
         pressure_control   0x0014bc    program     extern C:\FIRST\ATLcode\WorkHere\CHOPSHOP.C
                   printf   0x0057fa    program     extern C:\mcc18\src\TRADIT~1\stdclib\printf.c
                     putc   0x00591e    program     extern C:\mcc18\src\TRADIT~1\stdclib\putc.c
                      rps   0x002ad8    program     extern C:\FIRST\ATLcode\WorkHere\user_routines.c
                  s_delay   0x0044e0    program     static C:\FrcCode_2006_8722\Util_lib.asm
                 s_digits   0x005d6c    program     static C:\mcc18\src\TRADIT~1\stdclib\vfprintf.c
            s_put_n_chars   0x001672    program     static C:\mcc18\src\TRADIT~1\stdclib\vfprintf.c
                    shoot   0x002b50    program     extern C:\FIRST\ATLcode\WorkHere\user_routines.c
            strcpypgm2ram   0x005762    program     extern C:\MCC18\SRC\TRADIT~1\STDCLIB\scpyp2r.asm
                   strlen   0x005794    program     extern C:\MCC18\SRC\TRADIT~1\STDCLIB\strlen.asm
                strlenpgm   0x0057b0    program     extern C:\MCC18\SRC\TRADIT~1\STDCLIB\slenpgm.asm
                     test   0x0056de    program     static                          
               timer_data   0x0013d0    program     extern C:\FIRST\ATLcode\WorkHere\CHOPSHOP.C
          two_stick_drive   0x0008b0    program     extern C:\FIRST\ATLcode\WorkHere\CHOPSHOP.C
     uber_one_stick_drive   0x000b38    program     extern C:\FIRST\ATLcode\WorkHere\CHOPSHOP.C
                 vfprintf   0x00169e    program     extern C:\mcc18\src\TRADIT~1\stdclib\vfprintf.c
               warp_pulse   0x002c3e    program     extern C:\FIRST\ATLcode\WorkHere\user_routines.c
                   AARGB0   0x00001e       data     extern C:\MCC18\SRC\TRADIT~1\MATH\aarg.asm
                   AARGB1   0x00001d       data     extern C:\MCC18\SRC\TRADIT~1\MATH\aarg.asm
                   AARGB2   0x00001c       data     extern C:\MCC18\SRC\TRADIT~1\MATH\aarg.asm
                   AARGB3   0x00001b       data     extern C:\MCC18\SRC\TRADIT~1\MATH\aarg.asm
                   AARGB4   0x00001a       data     extern C:\MCC18\SRC\TRADIT~1\MATH\aarg.asm
                   AARGB5   0x000019       data     extern C:\MCC18\SRC\TRADIT~1\MATH\aarg.asm
                   AARGB6   0x000018       data     extern C:\MCC18\SRC\TRADIT~1\MATH\aarg.asm
                   AARGB7   0x000017       data     extern C:\MCC18\SRC\TRADIT~1\MATH\aarg.asm
                   ADCON0   0x000fc2       data     extern C:\MCC18\SRC\TRADIT~1\PROC\p18f8722.asm
               ADCON0bits   0x000fc2       data     extern C:\MCC18\SRC\TRADIT~1\PROC\p18f8722.asm
                   ADCON1   0x000fc1       data     extern C:\MCC18\SRC\TRADIT~1\PROC\p18f8722.asm
               ADCON1bits   0x000fc1       data     extern C:\MCC18\SRC\TRADIT~1\PROC\p18f8722.asm
                   ADCON2   0x000fc0       data     extern C:\MCC18\SRC\TRADIT~1\PROC\p18f8722.asm
               ADCON2bits   0x000fc0       data     extern C:\MCC18\SRC\TRADIT~1\PROC\p18f8722.asm
                    ADRES   0x000fc3       data     extern C:\MCC18\SRC\TRADIT~1\PROC\p18f8722.asm
                   ADRESH   0x000fc4       data     extern C:\MCC18\SRC\TRADIT~1\PROC\p18f8722.asm
                   ADRESL   0x000fc3       data     extern C:\MCC18\SRC\TRADIT~1\PROC\p18f8722.asm
                     AEXP   0x00001f       data     extern C:\MCC18\SRC\TRADIT~1\MATH\aarg.asm
                   BARGB0   0x000023       data     extern C:\MCC18\SRC\TRADIT~1\MATH\barg.asm
                   BARGB1   0x000022       data     extern C:\MCC18\SRC\TRADIT~1\MATH\barg.asm
                   BARGB2   0x000021       data     extern C:\MCC18\SRC\TRADIT~1\MATH\barg.asm
                   BARGB3   0x000020       data     extern C:\MCC18\SRC\TRADIT~1\MATH\barg.asm
                  BAUDCON   0x000f7e       data     extern C:\MCC18\SRC\TRADIT~1\PROC\p18f8722.asm
                 BAUDCON1   0x000f7e       data     extern C:\MCC18\SRC\TRADIT~1\PROC\p18f8722.asm
             BAUDCON1bits   0x000f7e       data     extern C:\MCC18\SRC\TRADIT~1\PROC\p18f8722.asm
                 BAUDCON2   0x000f7c       data     extern C:\MCC18\SRC\TRADIT~1\PROC\p18f8722.asm
             BAUDCON2bits   0x000f7c       data     extern C:\MCC18\SRC\TRADIT~1\PROC\p18f8722.asm
              BAUDCONbits   0x000f7e       data     extern C:\MCC18\SRC\TRADIT~1\PROC\p18f8722.asm
                     BEXP   0x000024       data     extern C:\MCC18\SRC\TRADIT~1\MATH\barg.asm
                      BSR   0x000fe0       data     extern C:\MCC18\SRC\TRADIT~1\PROC\p18f8722.asm
                  CCP1CON   0x000fbd       data     extern C:\MCC18\SRC\TRADIT~1\PROC\p18f8722.asm
              CCP1CONbits   0x000fbd       data     extern C:\MCC18\SRC\TRADIT~1\PROC\p18f8722.asm
                  CCP2CON   0x000fba       data     extern C:\MCC18\SRC\TRADIT~1\PROC\p18f8722.asm
              CCP2CONbits   0x000fba       data     extern C:\MCC18\SRC\TRADIT~1\PROC\p18f8722.asm
                  CCP3CON   0x000fb7       data     extern C:\MCC18\SRC\TRADIT~1\PROC\p18f8722.asm
              CCP3CONbits   0x000fb7       data     extern C:\MCC18\SRC\TRADIT~1\PROC\p18f8722.asm
                  CCP4CON   0x000f73       data     extern C:\MCC18\SRC\TRADIT~1\PROC\p18f8722.asm
              CCP4CONbits   0x000f73       data     extern C:\MCC18\SRC\TRADIT~1\PROC\p18f8722.asm
                  CCP5CON   0x000f70       data     extern C:\MCC18\SRC\TRADIT~1\PROC\p18f8722.asm
              CCP5CONbits   0x000f70       data     extern C:\MCC18\SRC\TRADIT~1\PROC\p18f8722.asm
                    CCPR1   0x000fbe       data     extern C:\MCC18\SRC\TRADIT~1\PROC\p18f8722.asm
                   CCPR1H   0x000fbf       data     extern C:\MCC18\SRC\TRADIT~1\PROC\p18f8722.asm
                   CCPR1L   0x000fbe       data     extern C:\MCC18\SRC\TRADIT~1\PROC\p18f8722.asm
                    CCPR2   0x000fbb       data     extern C:\MCC18\SRC\TRADIT~1\PROC\p18f8722.asm
                   CCPR2H   0x000fbc       data     extern C:\MCC18\SRC\TRADIT~1\PROC\p18f8722.asm
                   CCPR2L   0x000fbb       data     extern C:\MCC18\SRC\TRADIT~1\PROC\p18f8722.asm
                    CCPR3   0x000fb8       data     extern C:\MCC18\SRC\TRADIT~1\PROC\p18f8722.asm
                   CCPR3H   0x000fb9       data     extern C:\MCC18\SRC\TRADIT~1\PROC\p18f8722.asm
                   CCPR3L   0x000fb8       data     extern C:\MCC18\SRC\TRADIT~1\PROC\p18f8722.asm
                    CCPR4   0x000f74       data     extern C:\MCC18\SRC\TRADIT~1\PROC\p18f8722.asm
                   CCPR4H   0x000f75       data     extern C:\MCC18\SRC\TRADIT~1\PROC\p18f8722.asm
                   CCPR4L   0x000f74       data     extern C:\MCC18\SRC\TRADIT~1\PROC\p18f8722.asm
                    CCPR5   0x000f71       data     extern C:\MCC18\SRC\TRADIT~1\PROC\p18f8722.asm
                   CCPR5H   0x000f72       data     extern C:\MCC18\SRC\TRADIT~1\PROC\p18f8722.asm
                   CCPR5L   0x000f71       data     extern C:\MCC18\SRC\TRADIT~1\PROC\p18f8722.asm
                    CMCON   0x000fb4       data     extern C:\MCC18\SRC\TRADIT~1\PROC\p18f8722.asm
                CMCONbits   0x000fb4       data     extern C:\MCC18\SRC\TRADIT~1\PROC\p18f8722.asm
                   CVRCON   0x000fb5       data     extern C:\MCC18\SRC\TRADIT~1\PROC\p18f8722.asm
               CVRCONbits   0x000fb5       data     extern C:\MCC18\SRC\TRADIT~1\PROC\p18f8722.asm
                      Cnt   0x000013       data     static C:\FrcCode_2006_8722\Util_lib.asm
                     Cnt1   0x000014       data     static C:\FrcCode_2006_8722\Util_lib.asm
                     DDRA   0x000f92       data     extern C:\MCC18\SRC\TRADIT~1\PROC\p18f8722.asm
                 DDRAbits   0x000f92       data     extern C:\MCC18\SRC\TRADIT~1\PROC\p18f8722.asm
                     DDRB   0x000f93       data     extern C:\MCC18\SRC\TRADIT~1\PROC\p18f8722.asm
                 DDRBbits   0x000f93       data     extern C:\MCC18\SRC\TRADIT~1\PROC\p18f8722.asm
                     DDRC   0x000f94       data     extern C:\MCC18\SRC\TRADIT~1\PROC\p18f8722.asm
                 DDRCbits   0x000f94       data     extern C:\MCC18\SRC\TRADIT~1\PROC\p18f8722.asm
                     DDRD   0x000f95       data     extern C:\MCC18\SRC\TRADIT~1\PROC\p18f8722.asm
                 DDRDbits   0x000f95       data     extern C:\MCC18\SRC\TRADIT~1\PROC\p18f8722.asm
                     DDRE   0x000f96       data     extern C:\MCC18\SRC\TRADIT~1\PROC\p18f8722.asm
                 DDREbits   0x000f96       data     extern C:\MCC18\SRC\TRADIT~1\PROC\p18f8722.asm
                     DDRF   0x000f97       data     extern C:\MCC18\SRC\TRADIT~1\PROC\p18f8722.asm
                 DDRFbits   0x000f97       data     extern C:\MCC18\SRC\TRADIT~1\PROC\p18f8722.asm
                     DDRG   0x000f98       data     extern C:\MCC18\SRC\TRADIT~1\PROC\p18f8722.asm
                 DDRGbits   0x000f98       data     extern C:\MCC18\SRC\TRADIT~1\PROC\p18f8722.asm
                     DDRH   0x000f99       data     extern C:\MCC18\SRC\TRADIT~1\PROC\p18f8722.asm
                 DDRHbits   0x000f99       data     extern C:\MCC18\SRC\TRADIT~1\PROC\p18f8722.asm
                     DDRJ   0x000f9a       data     extern C:\MCC18\SRC\TRADIT~1\PROC\p18f8722.asm
                 DDRJbits   0x000f9a       data     extern C:\MCC18\SRC\TRADIT~1\PROC\p18f8722.asm
            DelayCounter1   0x000035       data     extern C:\MCC18\SRC\TRADIT~1\DELAYS\delayd1.asm
                  ECCP1AS   0x000fb6       data     extern C:\MCC18\SRC\TRADIT~1\PROC\p18f8722.asm
              ECCP1ASbits   0x000fb6       data     extern C:\MCC18\SRC\TRADIT~1\PROC\p18f8722.asm
                 ECCP1CON   0x000fbd       data     extern C:\MCC18\SRC\TRADIT~1\PROC\p18f8722.asm
             ECCP1CONbits   0x000fbd       data     extern C:\MCC18\SRC\TRADIT~1\PROC\p18f8722.asm
                 ECCP1DEL   0x000f79       data     extern C:\MCC18\SRC\TRADIT~1\PROC\p18f8722.asm
             ECCP1DELbits   0x000f79       data     extern C:\MCC18\SRC\TRADIT~1\PROC\p18f8722.asm
                  ECCP2AS   0x000f68       data     extern C:\MCC18\SRC\TRADIT~1\PROC\p18f8722.asm
              ECCP2ASbits   0x000f68       data     extern C:\MCC18\SRC\TRADIT~1\PROC\p18f8722.asm
                 ECCP2CON   0x000fba       data     extern C:\MCC18\SRC\TRADIT~1\PROC\p18f8722.asm
             ECCP2CONbits   0x000fba       data     extern C:\MCC18\SRC\TRADIT~1\PROC\p18f8722.asm
                 ECCP2DEL   0x000f67       data     extern C:\MCC18\SRC\TRADIT~1\PROC\p18f8722.asm
             ECCP2DELbits   0x000f67       data     extern C:\MCC18\SRC\TRADIT~1\PROC\p18f8722.asm
                  ECCP3AS   0x000f6a       data     extern C:\MCC18\SRC\TRADIT~1\PROC\p18f8722.asm
              ECCP3ASbits   0x000f6a       data     extern C:\MCC18\SRC\TRADIT~1\PROC\p18f8722.asm
                 ECCP3CON   0x000fb7       data     extern C:\MCC18\SRC\TRADIT~1\PROC\p18f8722.asm
             ECCP3CONbits   0x000fb7       data     extern C:\MCC18\SRC\TRADIT~1\PROC\p18f8722.asm
                 ECCP3DEL   0x000f69       data     extern C:\MCC18\SRC\TRADIT~1\PROC\p18f8722.asm
             ECCP3DELbits   0x000f69       data     extern C:\MCC18\SRC\TRADIT~1\PROC\p18f8722.asm
                    EEADR   0x000fa9       data     extern C:\MCC18\SRC\TRADIT~1\PROC\p18f8722.asm
                   EEADRH   0x000faa       data     extern C:\MCC18\SRC\TRADIT~1\PROC\p18f8722.asm
                   EECON1   0x000fa6       data     extern C:\MCC18\SRC\TRADIT~1\PROC\p18f8722.asm
               EECON1bits   0x000fa6       data     extern C:\MCC18\SRC\TRADIT~1\PROC\p18f8722.asm
                   EECON2   0x000fa7       data     extern C:\MCC18\SRC\TRADIT~1\PROC\p18f8722.asm
                   EEDATA   0x000fa8       data     extern C:\MCC18\SRC\TRADIT~1\PROC\p18f8722.asm
                  FPFLAGS   0x000026       data     extern C:\MCC18\SRC\TRADIT~1\MATH\cmath18.asm
              FPFLAGSbits   0x000026       data     extern C:\MCC18\SRC\TRADIT~1\MATH\cmath18.asm
                     FSR0   0x000fe9       data     extern C:\MCC18\SRC\TRADIT~1\PROC\p18f8722.asm
                    FSR0H   0x000fea       data     extern C:\MCC18\SRC\TRADIT~1\PROC\p18f8722.asm
                    FSR0L   0x000fe9       data     extern C:\MCC18\SRC\TRADIT~1\PROC\p18f8722.asm
                     FSR1   0x000fe1       data     extern C:\MCC18\SRC\TRADIT~1\PROC\p18f8722.asm
                    FSR1H   0x000fe2       data     extern C:\MCC18\SRC\TRADIT~1\PROC\p18f8722.asm
                    FSR1L   0x000fe1       data     extern C:\MCC18\SRC\TRADIT~1\PROC\p18f8722.asm
                     FSR2   0x000fd9       data     extern C:\MCC18\SRC\TRADIT~1\PROC\p18f8722.asm
                    FSR2H   0x000fda       data     extern C:\MCC18\SRC\TRADIT~1\PROC\p18f8722.asm
                    FSR2L   0x000fd9       data     extern C:\MCC18\SRC\TRADIT~1\PROC\p18f8722.asm
                FSRH_temp   0x000004       data     static C:\FrcCode_2006_8722\Util_lib.asm
                FSRL_temp   0x000005       data     static C:\FrcCode_2006_8722\Util_lib.asm
                  HLVDCON   0x000fd2       data     extern C:\MCC18\SRC\TRADIT~1\PROC\p18f8722.asm
              HLVDCONbits   0x000fd2       data     extern C:\MCC18\SRC\TRADIT~1\PROC\p18f8722.asm
                        I   0x000315       data     static C:\FrcCode_2006_8722\ifi_library.c
                        I   0x000256       data     static C:\FIRST\ATLcode\WorkHere\ifi_utilities.c
                    INDF0   0x000fef       data     extern C:\MCC18\SRC\TRADIT~1\PROC\p18f8722.asm
                    INDF1   0x000fe7       data     extern C:\MCC18\SRC\TRADIT~1\PROC\p18f8722.asm
                    INDF2   0x000fdf       data     extern C:\MCC18\SRC\TRADIT~1\PROC\p18f8722.asm
                   INTCON   0x000ff2       data     extern C:\MCC18\SRC\TRADIT~1\PROC\p18f8722.asm
                  INTCON2   0x000ff1       data     extern C:\MCC18\SRC\TRADIT~1\PROC\p18f8722.asm
              INTCON2bits   0x000ff1       data     extern C:\MCC18\SRC\TRADIT~1\PROC\p18f8722.asm
                  INTCON3   0x000ff0       data     extern C:\MCC18\SRC\TRADIT~1\PROC\p18f8722.asm
              INTCON3bits   0x000ff0       data     extern C:\MCC18\SRC\TRADIT~1\PROC\p18f8722.asm
               INTCONbits   0x000ff2       data     extern C:\MCC18\SRC\TRADIT~1\PROC\p18f8722.asm
                     IPR1   0x000f9f       data     extern C:\MCC18\SRC\TRADIT~1\PROC\p18f8722.asm
                 IPR1bits   0x000f9f       data     extern C:\MCC18\SRC\TRADIT~1\PROC\p18f8722.asm
                     IPR2   0x000fa2       data     extern C:\MCC18\SRC\TRADIT~1\PROC\p18f8722.asm
                 IPR2bits   0x000fa2       data     extern C:\MCC18\SRC\TRADIT~1\PROC\p18f8722.asm
                     IPR3   0x000fa5       data     extern C:\MCC18\SRC\TRADIT~1\PROC\p18f8722.asm
                 IPR3bits   0x000fa5       data     extern C:\MCC18\SRC\TRADIT~1\PROC\p18f8722.asm
          JOURNEY_POINTER   0x0002ee       data     extern C:\FIRST\ATLcode\WorkHere\autonomous_mode_1.c
                     LATA   0x000f89       data     extern C:\MCC18\SRC\TRADIT~1\PROC\p18f8722.asm
                 LATAbits   0x000f89       data     extern C:\MCC18\SRC\TRADIT~1\PROC\p18f8722.asm
                     LATB   0x000f8a       data     extern C:\MCC18\SRC\TRADIT~1\PROC\p18f8722.asm
                 LATBbits   0x000f8a       data     extern C:\MCC18\SRC\TRADIT~1\PROC\p18f8722.asm
                     LATC   0x000f8b       data     extern C:\MCC18\SRC\TRADIT~1\PROC\p18f8722.asm
                 LATCbits   0x000f8b       data     extern C:\MCC18\SRC\TRADIT~1\PROC\p18f8722.asm
                     LATD   0x000f8c       data     extern C:\MCC18\SRC\TRADIT~1\PROC\p18f8722.asm
                 LATDbits   0x000f8c       data     extern C:\MCC18\SRC\TRADIT~1\PROC\p18f8722.asm
                     LATE   0x000f8d       data     extern C:\MCC18\SRC\TRADIT~1\PROC\p18f8722.asm
                 LATEbits   0x000f8d       data     extern C:\MCC18\SRC\TRADIT~1\PROC\p18f8722.asm
                     LATF   0x000f8e       data     extern C:\MCC18\SRC\TRADIT~1\PROC\p18f8722.asm
                 LATFbits   0x000f8e       data     extern C:\MCC18\SRC\TRADIT~1\PROC\p18f8722.asm
                     LATG   0x000f8f       data     extern C:\MCC18\SRC\TRADIT~1\PROC\p18f8722.asm
                 LATGbits   0x000f8f       data     extern C:\MCC18\SRC\TRADIT~1\PROC\p18f8722.asm
                     LATH   0x000f90       data     extern C:\MCC18\SRC\TRADIT~1\PROC\p18f8722.asm
                 LATHbits   0x000f90       data     extern C:\MCC18\SRC\TRADIT~1\PROC\p18f8722.asm
                     LATJ   0x000f91       data     extern C:\MCC18\SRC\TRADIT~1\PROC\p18f8722.asm
                 LATJbits   0x000f91       data     extern C:\MCC18\SRC\TRADIT~1\PROC\p18f8722.asm
                   LVDCON   0x000fd2       data     extern C:\MCC18\SRC\TRADIT~1\PROC\p18f8722.asm
               LVDCONbits   0x000fd2       data     extern C:\MCC18\SRC\TRADIT~1\PROC\p18f8722.asm
                   MEMCON   0x000f9c       data     extern C:\MCC18\SRC\TRADIT~1\PROC\p18f8722.asm
               MEMCONbits   0x000f9c       data     extern C:\MCC18\SRC\TRADIT~1\PROC\p18f8722.asm
                   OSCCON   0x000fd3       data     extern C:\MCC18\SRC\TRADIT~1\PROC\p18f8722.asm
               OSCCONbits   0x000fd3       data     extern C:\MCC18\SRC\TRADIT~1\PROC\p18f8722.asm
                  OSCTUNE   0x000f9b       data     extern C:\MCC18\SRC\TRADIT~1\PROC\p18f8722.asm
              OSCTUNEbits   0x000f9b       data     extern C:\MCC18\SRC\TRADIT~1\PROC\p18f8722.asm
                       PC   0x000ff9       data     extern C:\MCC18\SRC\TRADIT~1\PROC\p18f8722.asm
                      PCL   0x000ff9       data     extern C:\MCC18\SRC\TRADIT~1\PROC\p18f8722.asm
                   PCLATH   0x000ffa       data     extern C:\MCC18\SRC\TRADIT~1\PROC\p18f8722.asm
                   PCLATU   0x000ffb       data     extern C:\MCC18\SRC\TRADIT~1\PROC\p18f8722.asm
                     PIE1   0x000f9d       data     extern C:\MCC18\SRC\TRADIT~1\PROC\p18f8722.asm
                 PIE1bits   0x000f9d       data     extern C:\MCC18\SRC\TRADIT~1\PROC\p18f8722.asm
                     PIE2   0x000fa0       data     extern C:\MCC18\SRC\TRADIT~1\PROC\p18f8722.asm
                 PIE2bits   0x000fa0       data     extern C:\MCC18\SRC\TRADIT~1\PROC\p18f8722.asm
                     PIE3   0x000fa3       data     extern C:\MCC18\SRC\TRADIT~1\PROC\p18f8722.asm
                 PIE3bits   0x000fa3       data     extern C:\MCC18\SRC\TRADIT~1\PROC\p18f8722.asm
                     PIR1   0x000f9e       data     extern C:\MCC18\SRC\TRADIT~1\PROC\p18f8722.asm
                 PIR1bits   0x000f9e       data     extern C:\MCC18\SRC\TRADIT~1\PROC\p18f8722.asm
                     PIR2   0x000fa1       data     extern C:\MCC18\SRC\TRADIT~1\PROC\p18f8722.asm
                 PIR2bits   0x000fa1       data     extern C:\MCC18\SRC\TRADIT~1\PROC\p18f8722.asm
                     PIR3   0x000fa4       data     extern C:\MCC18\SRC\TRADIT~1\PROC\p18f8722.asm
                 PIR3bits   0x000fa4       data     extern C:\MCC18\SRC\TRADIT~1\PROC\p18f8722.asm
                   PLUSW0   0x000feb       data     extern C:\MCC18\SRC\TRADIT~1\PROC\p18f8722.asm
                   PLUSW1   0x000fe3       data     extern C:\MCC18\SRC\TRADIT~1\PROC\p18f8722.asm
                   PLUSW2   0x000fdb       data     extern C:\MCC18\SRC\TRADIT~1\PROC\p18f8722.asm
                    PORTA   0x000f80       data     extern C:\MCC18\SRC\TRADIT~1\PROC\p18f8722.asm
                PORTAbits   0x000f80       data     extern C:\MCC18\SRC\TRADIT~1\PROC\p18f8722.asm
                    PORTB   0x000f81       data     extern C:\MCC18\SRC\TRADIT~1\PROC\p18f8722.asm
                PORTBbits   0x000f81       data     extern C:\MCC18\SRC\TRADIT~1\PROC\p18f8722.asm
                    PORTC   0x000f82       data     extern C:\MCC18\SRC\TRADIT~1\PROC\p18f8722.asm
                PORTCbits   0x000f82       data     extern C:\MCC18\SRC\TRADIT~1\PROC\p18f8722.asm
                    PORTD   0x000f83       data     extern C:\MCC18\SRC\TRADIT~1\PROC\p18f8722.asm
                PORTDbits   0x000f83       data     extern C:\MCC18\SRC\TRADIT~1\PROC\p18f8722.asm
                    PORTE   0x000f84       data     extern C:\MCC18\SRC\TRADIT~1\PROC\p18f8722.asm
                PORTEbits   0x000f84       data     extern C:\MCC18\SRC\TRADIT~1\PROC\p18f8722.asm
                    PORTF   0x000f85       data     extern C:\MCC18\SRC\TRADIT~1\PROC\p18f8722.asm
                PORTFbits   0x000f85       data     extern C:\MCC18\SRC\TRADIT~1\PROC\p18f8722.asm
                    PORTG   0x000f86       data     extern C:\MCC18\SRC\TRADIT~1\PROC\p18f8722.asm
                PORTGbits   0x000f86       data     extern C:\MCC18\SRC\TRADIT~1\PROC\p18f8722.asm
                    PORTH   0x000f87       data     extern C:\MCC18\SRC\TRADIT~1\PROC\p18f8722.asm
                PORTHbits   0x000f87       data     extern C:\MCC18\SRC\TRADIT~1\PROC\p18f8722.asm
                    PORTJ   0x000f88       data     extern C:\MCC18\SRC\TRADIT~1\PROC\p18f8722.asm
                PORTJbits   0x000f88       data     extern C:\MCC18\SRC\TRADIT~1\PROC\p18f8722.asm
               PORT_TRASH   0x000012       data     static C:\FrcCode_2006_8722\Util_lib.asm
                 POSTDEC0   0x000fed       data     extern C:\MCC18\SRC\TRADIT~1\PROC\p18f8722.asm
                 POSTDEC1   0x000fe5       data     extern C:\MCC18\SRC\TRADIT~1\PROC\p18f8722.asm
                 POSTDEC2   0x000fdd       data     extern C:\MCC18\SRC\TRADIT~1\PROC\p18f8722.asm
                 POSTINC0   0x000fee       data     extern C:\MCC18\SRC\TRADIT~1\PROC\p18f8722.asm
                 POSTINC1   0x000fe6       data     extern C:\MCC18\SRC\TRADIT~1\PROC\p18f8722.asm
                 POSTINC2   0x000fde       data     extern C:\MCC18\SRC\TRADIT~1\PROC\p18f8722.asm
                      PR2   0x000fcb       data     extern C:\MCC18\SRC\TRADIT~1\PROC\p18f8722.asm
                      PR4   0x000f77       data     extern C:\MCC18\SRC\TRADIT~1\PROC\p18f8722.asm
                  PREINC0   0x000fec       data     extern C:\MCC18\SRC\TRADIT~1\PROC\p18f8722.asm
                  PREINC1   0x000fe4       data     extern C:\MCC18\SRC\TRADIT~1\PROC\p18f8722.asm
                  PREINC2   0x000fdc       data     extern C:\MCC18\SRC\TRADIT~1\PROC\p18f8722.asm
                     PROD   0x000ff3       data     extern C:\MCC18\SRC\TRADIT~1\PROC\p18f8722.asm
                    PRODH   0x000ff4       data     extern C:\MCC18\SRC\TRADIT~1\PROC\p18f8722.asm
                    PRODL   0x000ff3       data     extern C:\MCC18\SRC\TRADIT~1\PROC\p18f8722.asm
                   PSPCON   0x000fb0       data     extern C:\MCC18\SRC\TRADIT~1\PROC\p18f8722.asm
               PSPCONbits   0x000fb0       data     extern C:\MCC18\SRC\TRADIT~1\PROC\p18f8722.asm
           PWMdisableMask   0x000016       data     extern C:\FrcCode_2006_8722\Util_lib.asm
                     RCON   0x000fd0       data     extern C:\MCC18\SRC\TRADIT~1\PROC\p18f8722.asm
                 RCONbits   0x000fd0       data     extern C:\MCC18\SRC\TRADIT~1\PROC\p18f8722.asm
                    RCREG   0x000fae       data     extern C:\MCC18\SRC\TRADIT~1\PROC\p18f8722.asm
                   RCREG1   0x000fae       data     extern C:\MCC18\SRC\TRADIT~1\PROC\p18f8722.asm
                   RCREG2   0x000f6e       data     extern C:\MCC18\SRC\TRADIT~1\PROC\p18f8722.asm
                    RCSTA   0x000fab       data     extern C:\MCC18\SRC\TRADIT~1\PROC\p18f8722.asm
                   RCSTA1   0x000fab       data     extern C:\MCC18\SRC\TRADIT~1\PROC\p18f8722.asm
               RCSTA1bits   0x000fab       data     extern C:\MCC18\SRC\TRADIT~1\PROC\p18f8722.asm
                   RCSTA2   0x000f6b       data     extern C:\MCC18\SRC\TRADIT~1\PROC\p18f8722.asm
               RCSTA2bits   0x000f6b       data     extern C:\MCC18\SRC\TRADIT~1\PROC\p18f8722.asm
                RCSTAbits   0x000fab       data     extern C:\MCC18\SRC\TRADIT~1\PROC\p18f8722.asm
                    REMB0   0x00001a       data     extern C:\MCC18\SRC\TRADIT~1\MATH\aarg.asm
                    REMB1   0x000019       data     extern C:\MCC18\SRC\TRADIT~1\MATH\aarg.asm
                    REMB2   0x000018       data     extern C:\MCC18\SRC\TRADIT~1\MATH\aarg.asm
                    REMB3   0x000017       data     extern C:\MCC18\SRC\TRADIT~1\MATH\aarg.asm
      RX_1_Framing_Errors   0x0002d1       data     extern C:\FIRST\ATLcode\WorkHere\serial_ports.c
      RX_1_Overrun_Errors   0x0002d0       data     extern C:\FIRST\ATLcode\WorkHere\serial_ports.c
      RX_2_Framing_Errors   0x0002dd       data     extern C:\FIRST\ATLcode\WorkHere\serial_ports.c
      RX_2_Overrun_Errors   0x0002dc       data     extern C:\FIRST\ATLcode\WorkHere\serial_ports.c
               Rx_1_Queue   0x000100       data     extern C:\FIRST\ATLcode\WorkHere\serial_ports.c
    Rx_1_Queue_Byte_Count   0x0002cf       data     extern C:\FIRST\ATLcode\WorkHere\serial_ports.c
         Rx_1_Queue_Empty   0x0002cc       data     extern C:\FIRST\ATLcode\WorkHere\serial_ports.c
          Rx_1_Queue_Full   0x0002cb       data     extern C:\FIRST\ATLcode\WorkHere\serial_ports.c
    Rx_1_Queue_Read_Index   0x0002cd       data     extern C:\FIRST\ATLcode\WorkHere\serial_ports.c
   Rx_1_Queue_Write_Index   0x0002ce       data     extern C:\FIRST\ATLcode\WorkHere\serial_ports.c
               Rx_2_Queue   0x000140       data     extern C:\FIRST\ATLcode\WorkHere\serial_ports.c
    Rx_2_Queue_Byte_Count   0x0002db       data     extern C:\FIRST\ATLcode\WorkHere\serial_ports.c
         Rx_2_Queue_Empty   0x0002d8       data     extern C:\FIRST\ATLcode\WorkHere\serial_ports.c
          Rx_2_Queue_Full   0x0002d7       data     extern C:\FIRST\ATLcode\WorkHere\serial_ports.c
    Rx_2_Queue_Read_Index   0x0002d9       data     extern C:\FIRST\ATLcode\WorkHere\serial_ports.c
   Rx_2_Queue_Write_Index   0x0002da       data     extern C:\FIRST\ATLcode\WorkHere\serial_ports.c
                     SIGN   0x000025       data     extern C:\MCC18\SRC\TRADIT~1\MATH\cmath18.asm
                    SPBRG   0x000faf       data     extern C:\MCC18\SRC\TRADIT~1\PROC\p18f8722.asm
                   SPBRG1   0x000faf       data     extern C:\MCC18\SRC\TRADIT~1\PROC\p18f8722.asm
                   SPBRG2   0x000f6f       data     extern C:\MCC18\SRC\TRADIT~1\PROC\p18f8722.asm
                   SPBRGH   0x000f7f       data     extern C:\MCC18\SRC\TRADIT~1\PROC\p18f8722.asm
                  SPBRGH1   0x000f7f       data     extern C:\MCC18\SRC\TRADIT~1\PROC\p18f8722.asm
                  SPBRGH2   0x000f7d       data     extern C:\MCC18\SRC\TRADIT~1\PROC\p18f8722.asm
                  SSP1ADD   0x000fc8       data     extern C:\MCC18\SRC\TRADIT~1\PROC\p18f8722.asm
                  SSP1BUF   0x000fc9       data     extern C:\MCC18\SRC\TRADIT~1\PROC\p18f8722.asm
                 SSP1CON1   0x000fc6       data     extern C:\MCC18\SRC\TRADIT~1\PROC\p18f8722.asm
             SSP1CON1bits   0x000fc6       data     extern C:\MCC18\SRC\TRADIT~1\PROC\p18f8722.asm
                 SSP1CON2   0x000fc5       data     extern C:\MCC18\SRC\TRADIT~1\PROC\p18f8722.asm
             SSP1CON2bits   0x000fc5       data     extern C:\MCC18\SRC\TRADIT~1\PROC\p18f8722.asm
                 SSP1STAT   0x000fc7       data     extern C:\MCC18\SRC\TRADIT~1\PROC\p18f8722.asm
             SSP1STATbits   0x000fc7       data     extern C:\MCC18\SRC\TRADIT~1\PROC\p18f8722.asm
                  SSP2ADD   0x000f65       data     extern C:\MCC18\SRC\TRADIT~1\PROC\p18f8722.asm
                  SSP2BUF   0x000f66       data     extern C:\MCC18\SRC\TRADIT~1\PROC\p18f8722.asm
                 SSP2CON1   0x000f63       data     extern C:\MCC18\SRC\TRADIT~1\PROC\p18f8722.asm
             SSP2CON1bits   0x000f63       data     extern C:\MCC18\SRC\TRADIT~1\PROC\p18f8722.asm
                 SSP2CON2   0x000f62       data     extern C:\MCC18\SRC\TRADIT~1\PROC\p18f8722.asm
             SSP2CON2bits   0x000f62       data     extern C:\MCC18\SRC\TRADIT~1\PROC\p18f8722.asm
                 SSP2STAT   0x000f64       data     extern C:\MCC18\SRC\TRADIT~1\PROC\p18f8722.asm
             SSP2STATbits   0x000f64       data     extern C:\MCC18\SRC\TRADIT~1\PROC\p18f8722.asm
                   SSPADD   0x000fc8       data     extern C:\MCC18\SRC\TRADIT~1\PROC\p18f8722.asm
                   SSPBUF   0x000fc9       data     extern C:\MCC18\SRC\TRADIT~1\PROC\p18f8722.asm
                  SSPCON1   0x000fc6       data     extern C:\MCC18\SRC\TRADIT~1\PROC\p18f8722.asm
              SSPCON1bits   0x000fc6       data     extern C:\MCC18\SRC\TRADIT~1\PROC\p18f8722.asm
                  SSPCON2   0x000fc5       data     extern C:\MCC18\SRC\TRADIT~1\PROC\p18f8722.asm
              SSPCON2bits   0x000fc5       data     extern C:\MCC18\SRC\TRADIT~1\PROC\p18f8722.asm
                  SSPSTAT   0x000fc7       data     extern C:\MCC18\SRC\TRADIT~1\PROC\p18f8722.asm
              SSPSTATbits   0x000fc7       data     extern C:\MCC18\SRC\TRADIT~1\PROC\p18f8722.asm
                   STATUS   0x000fd8       data     extern C:\MCC18\SRC\TRADIT~1\PROC\p18f8722.asm
               STATUSbits   0x000fd8       data     extern C:\MCC18\SRC\TRADIT~1\PROC\p18f8722.asm
                   STKPTR   0x000ffc       data     extern C:\MCC18\SRC\TRADIT~1\PROC\p18f8722.asm
               STKPTRbits   0x000ffc       data     extern C:\MCC18\SRC\TRADIT~1\PROC\p18f8722.asm
                    T0CON   0x000fd5       data     extern C:\MCC18\SRC\TRADIT~1\PROC\p18f8722.asm
                T0CONbits   0x000fd5       data     extern C:\MCC18\SRC\TRADIT~1\PROC\p18f8722.asm
                    T1CON   0x000fcd       data     extern C:\MCC18\SRC\TRADIT~1\PROC\p18f8722.asm
                T1CONbits   0x000fcd       data     extern C:\MCC18\SRC\TRADIT~1\PROC\p18f8722.asm
                    T2CON   0x000fca       data     extern C:\MCC18\SRC\TRADIT~1\PROC\p18f8722.asm
                T2CONbits   0x000fca       data     extern C:\MCC18\SRC\TRADIT~1\PROC\p18f8722.asm
                    T3CON   0x000fb1       data     extern C:\MCC18\SRC\TRADIT~1\PROC\p18f8722.asm
                T3CONbits   0x000fb1       data     extern C:\MCC18\SRC\TRADIT~1\PROC\p18f8722.asm
                    T4CON   0x000f76       data     extern C:\MCC18\SRC\TRADIT~1\PROC\p18f8722.asm
                T4CONbits   0x000f76       data     extern C:\MCC18\SRC\TRADIT~1\PROC\p18f8722.asm
                   TABLAT   0x000ff5       data     extern C:\MCC18\SRC\TRADIT~1\PROC\p18f8722.asm
                   TBLPTR   0x000ff6       data     extern C:\MCC18\SRC\TRADIT~1\PROC\p18f8722.asm
                  TBLPTRH   0x000ff7       data     extern C:\MCC18\SRC\TRADIT~1\PROC\p18f8722.asm
                  TBLPTRL   0x000ff6       data     extern C:\MCC18\SRC\TRADIT~1\PROC\p18f8722.asm
                  TBLPTRU   0x000ff8       data     extern C:\MCC18\SRC\TRADIT~1\PROC\p18f8722.asm
                     TEMP   0x00002a       data     extern C:\MCC18\SRC\TRADIT~1\MATH\temparg.asm
                   TEMPB0   0x00002a       data     extern C:\MCC18\SRC\TRADIT~1\MATH\temparg.asm
                   TEMPB1   0x000029       data     extern C:\MCC18\SRC\TRADIT~1\MATH\temparg.asm
                   TEMPB2   0x000028       data     extern C:\MCC18\SRC\TRADIT~1\MATH\temparg.asm
                   TEMPB3   0x000027       data     extern C:\MCC18\SRC\TRADIT~1\MATH\temparg.asm
                    TMR0H   0x000fd7       data     extern C:\MCC18\SRC\TRADIT~1\PROC\p18f8722.asm
                    TMR0L   0x000fd6       data     extern C:\MCC18\SRC\TRADIT~1\PROC\p18f8722.asm
                    TMR1H   0x000fcf       data     extern C:\MCC18\SRC\TRADIT~1\PROC\p18f8722.asm
                    TMR1L   0x000fce       data     extern C:\MCC18\SRC\TRADIT~1\PROC\p18f8722.asm
                     TMR2   0x000fcc       data     extern C:\MCC18\SRC\TRADIT~1\PROC\p18f8722.asm
                    TMR3H   0x000fb3       data     extern C:\MCC18\SRC\TRADIT~1\PROC\p18f8722.asm
                    TMR3L   0x000fb2       data     extern C:\MCC18\SRC\TRADIT~1\PROC\p18f8722.asm
                     TMR4   0x000f78       data     extern C:\MCC18\SRC\TRADIT~1\PROC\p18f8722.asm
                      TOS   0x000ffd       data     extern C:\MCC18\SRC\TRADIT~1\PROC\p18f8722.asm
                     TOSH   0x000ffe       data     extern C:\MCC18\SRC\TRADIT~1\PROC\p18f8722.asm
                     TOSL   0x000ffd       data     extern C:\MCC18\SRC\TRADIT~1\PROC\p18f8722.asm
                     TOSU   0x000fff       data     extern C:\MCC18\SRC\TRADIT~1\PROC\p18f8722.asm
                    TRISA   0x000f92       data     extern C:\MCC18\SRC\TRADIT~1\PROC\p18f8722.asm
                TRISAbits   0x000f92       data     extern C:\MCC18\SRC\TRADIT~1\PROC\p18f8722.asm
                    TRISB   0x000f93       data     extern C:\MCC18\SRC\TRADIT~1\PROC\p18f8722.asm
                TRISBbits   0x000f93       data     extern C:\MCC18\SRC\TRADIT~1\PROC\p18f8722.asm
                    TRISC   0x000f94       data     extern C:\MCC18\SRC\TRADIT~1\PROC\p18f8722.asm
                TRISCbits   0x000f94       data     extern C:\MCC18\SRC\TRADIT~1\PROC\p18f8722.asm
                    TRISD   0x000f95       data     extern C:\MCC18\SRC\TRADIT~1\PROC\p18f8722.asm
                TRISDbits   0x000f95       data     extern C:\MCC18\SRC\TRADIT~1\PROC\p18f8722.asm
                    TRISE   0x000f96       data     extern C:\MCC18\SRC\TRADIT~1\PROC\p18f8722.asm
                TRISEbits   0x000f96       data     extern C:\MCC18\SRC\TRADIT~1\PROC\p18f8722.asm
                    TRISF   0x000f97       data     extern C:\MCC18\SRC\TRADIT~1\PROC\p18f8722.asm
                TRISFbits   0x000f97       data     extern C:\MCC18\SRC\TRADIT~1\PROC\p18f8722.asm
                    TRISG   0x000f98       data     extern C:\MCC18\SRC\TRADIT~1\PROC\p18f8722.asm
                TRISGbits   0x000f98       data     extern C:\MCC18\SRC\TRADIT~1\PROC\p18f8722.asm
                    TRISH   0x000f99       data     extern C:\MCC18\SRC\TRADIT~1\PROC\p18f8722.asm
                TRISHbits   0x000f99       data     extern C:\MCC18\SRC\TRADIT~1\PROC\p18f8722.asm
                    TRISJ   0x000f9a       data     extern C:\MCC18\SRC\TRADIT~1\PROC\p18f8722.asm
                TRISJbits   0x000f9a       data     extern C:\MCC18\SRC\TRADIT~1\PROC\p18f8722.asm
                    TXREG   0x000fad       data     extern C:\MCC18\SRC\TRADIT~1\PROC\p18f8722.asm
                   TXREG1   0x000fad       data     extern C:\MCC18\SRC\TRADIT~1\PROC\p18f8722.asm
                   TXREG2   0x000f6d       data     extern C:\MCC18\SRC\TRADIT~1\PROC\p18f8722.asm
                    TXSTA   0x000fac       data     extern C:\MCC18\SRC\TRADIT~1\PROC\p18f8722.asm
                   TXSTA1   0x000fac       data     extern C:\MCC18\SRC\TRADIT~1\PROC\p18f8722.asm
               TXSTA1bits   0x000fac       data     extern C:\MCC18\SRC\TRADIT~1\PROC\p18f8722.asm
                   TXSTA2   0x000f6c       data     extern C:\MCC18\SRC\TRADIT~1\PROC\p18f8722.asm
               TXSTA2bits   0x000f6c       data     extern C:\MCC18\SRC\TRADIT~1\PROC\p18f8722.asm
                TXSTAbits   0x000fac       data     extern C:\MCC18\SRC\TRADIT~1\PROC\p18f8722.asm
            T_Packet_Data   0x000299       data     extern C:\FIRST\ATLcode\WorkHere\camera.c
               Tx_1_Queue   0x000120       data     extern C:\FIRST\ATLcode\WorkHere\serial_ports.c
    Tx_1_Queue_Byte_Count   0x0002d6       data     extern C:\FIRST\ATLcode\WorkHere\serial_ports.c
         Tx_1_Queue_Empty   0x0002d3       data     extern C:\FIRST\ATLcode\WorkHere\serial_ports.c
          Tx_1_Queue_Full   0x0002d2       data     extern C:\FIRST\ATLcode\WorkHere\serial_ports.c
    Tx_1_Queue_Read_Index   0x0002d4       data     extern C:\FIRST\ATLcode\WorkHere\serial_ports.c
   Tx_1_Queue_Write_Index   0x0002d5       data     extern C:\FIRST\ATLcode\WorkHere\serial_ports.c
               Tx_2_Queue   0x000160       data     extern C:\FIRST\ATLcode\WorkHere\serial_ports.c
    Tx_2_Queue_Byte_Count   0x0002e2       data     extern C:\FIRST\ATLcode\WorkHere\serial_ports.c
         Tx_2_Queue_Empty   0x0002df       data     extern C:\FIRST\ATLcode\WorkHere\serial_ports.c
          Tx_2_Queue_Full   0x0002de       data     extern C:\FIRST\ATLcode\WorkHere\serial_ports.c
    Tx_2_Queue_Read_Index   0x0002e0       data     extern C:\FIRST\ATLcode\WorkHere\serial_ports.c
   Tx_2_Queue_Write_Index   0x0002e1       data     extern C:\FIRST\ATLcode\WorkHere\serial_ports.c
                   WDTCON   0x000fd1       data     extern C:\MCC18\SRC\TRADIT~1\PROC\p18f8722.asm
               WDTCONbits   0x000fd1       data     extern C:\MCC18\SRC\TRADIT~1\PROC\p18f8722.asm
                     WREG   0x000fe8       data     extern C:\MCC18\SRC\TRADIT~1\PROC\p18f8722.asm
                  __tmp_0   0x00002b       data     static C:\mcc18\src\TRADIT~1\stdclib\putc.c
                  __tmp_0   0x00002b       data     static C:\mcc18\src\TRADIT~1\stdclib\vfprintf.c
                  __tmp_0   0x00002b       data     static C:\mcc18\src\TRADIT~1\stdclib\printf.c
                  __tmp_0   0x00002b       data     static C:\mcc18\src\TRADIT~1\pmc\ADC\adcread.c
                  __tmp_0   0x00002b       data     static C:\FIRST\ATLcode\WorkHere\autonomous_mode_1.c
                  __tmp_0   0x00002b       data     static C:\FIRST\ATLcode\WorkHere\eeprom.c
                  __tmp_0   0x00002b       data     static C:\FIRST\ATLcode\WorkHere\CHOPSHOP.C
                  __tmp_0   0x00002b       data     static C:\FIRST\ATLcode\WorkHere\user_routines_fast.c
                  __tmp_0   0x00002b       data     static C:\FIRST\ATLcode\WorkHere\user_routines.c
                  __tmp_0   0x00002b       data     static C:\FIRST\ATLcode\WorkHere\ifi_utilities.c
                  __tmp_0   0x00002b       data     static C:\FIRST\ATLcode\WorkHere\camera.c
                  __tmp_0   0x00002b       data     static C:\FIRST\ATLcode\WorkHere\gyro.c
                  __tmp_0   0x00002b       data     static C:\FIRST\ATLcode\WorkHere\adc.c
[...]
                     DDRC   0x000f94       data     extern C:\MCC18\SRC\TRADIT~1\PROC\p18f8722.asm
                    TRISC   0x000f94       data     extern C:\MCC18\SRC\TRADIT~1\PROC\p18f8722.asm
                TRISCbits   0x000f94       data     extern C:\MCC18\SRC\TRADIT~1\PROC\p18f8722.asm
                TRISDbits   0x000f95       data     extern C:\MCC18\SRC\TRADIT~1\PROC\p18f8722.asm
                 DDRDbits   0x000f95       data     extern C:\MCC18\SRC\TRADIT~1\PROC\p18f8722.asm
                    TRISD   0x000f95       data     extern C:\MCC18\SRC\TRADIT~1\PROC\p18f8722.asm
                     DDRD   0x000f95       data     extern C:\MCC18\SRC\TRADIT~1\PROC\p18f8722.asm
                    TRISE   0x000f96       data     extern C:\MCC18\SRC\TRADIT~1\PROC\p18f8722.asm
                TRISEbits   0x000f96       data     extern C:\MCC18\SRC\TRADIT~1\PROC\p18f8722.asm
                     DDRE   0x000f96       data     extern C:\MCC18\SRC\TRADIT~1\PROC\p18f8722.asm
                 DDREbits   0x000f96       data     extern C:\MCC18\SRC\TRADIT~1\PROC\p18f8722.asm
                    TRISF   0x000f97       data     extern C:\MCC18\SRC\TRADIT~1\PROC\p18f8722.asm
                TRISFbits   0x000f97       data     extern C:\MCC18\SRC\TRADIT~1\PROC\p18f8722.asm
                     DDRF   0x000f97       data     extern C:\MCC18\SRC\TRADIT~1\PROC\p18f8722.asm
                 DDRFbits   0x000f97       data     extern C:\MCC18\SRC\TRADIT~1\PROC\p18f8722.asm
                     DDRG   0x000f98       data     extern C:\MCC18\SRC\TRADIT~1\PROC\p18f8722.asm
                 DDRGbits   0x000f98       data     extern C:\MCC18\SRC\TRADIT~1\PROC\p18f8722.asm
                    TRISG   0x000f98       data     extern C:\MCC18\SRC\TRADIT~1\PROC\p18f8722.asm
                TRISGbits   0x000f98       data     extern C:\MCC18\SRC\TRADIT~1\PROC\p18f8722.asm
                    TRISH   0x000f99       data     extern C:\MCC18\SRC\TRADIT~1\PROC\p18f8722.asm
                TRISHbits   0x000f99       data     extern C:\MCC18\SRC\TRADIT~1\PROC\p18f8722.asm
                     DDRH   0x000f99       data     extern C:\MCC18\SRC\TRADIT~1\PROC\p18f8722.asm
                 DDRHbits   0x000f99       data     extern C:\MCC18\SRC\TRADIT~1\PROC\p18f8722.asm
                TRISJbits   0x000f9a       data     extern C:\MCC18\SRC\TRADIT~1\PROC\p18f8722.asm
                 DDRJbits   0x000f9a       data     extern C:\MCC18\SRC\TRADIT~1\PROC\p18f8722.asm
                     DDRJ   0x000f9a       data     extern C:\MCC18\SRC\TRADIT~1\PROC\p18f8722.asm
                    TRISJ   0x000f9a       data     extern C:\MCC18\SRC\TRADIT~1\PROC\p18f8722.asm
              OSCTUNEbits   0x000f9b       data     extern C:\MCC18\SRC\TRADIT~1\PROC\p18f8722.asm
                  OSCTUNE   0x000f9b       data     extern C:\MCC18\SRC\TRADIT~1\PROC\p18f8722.asm
               MEMCONbits   0x000f9c       data     extern C:\MCC18\SRC\TRADIT~1\PROC\p18f8722.asm
                   MEMCON   0x000f9c       data     extern C:\MCC18\SRC\TRADIT~1\PROC\p18f8722.asm
                 PIE1bits   0x000f9d       data     extern C:\MCC18\SRC\TRADIT~1\PROC\p18f8722.asm
                     PIE1   0x000f9d       data     extern C:\MCC18\SRC\TRADIT~1\PROC\p18f8722.asm
                     PIR1   0x000f9e       data     extern C:\MCC18\SRC\TRADIT~1\PROC\p18f8722.asm
                 PIR1bits   0x000f9e       data     extern C:\MCC18\SRC\TRADIT~1\PROC\p18f8722.asm
                     IPR1   0x000f9f       data     extern C:\MCC18\SRC\TRADIT~1\PROC\p18f8722.asm
                 IPR1bits   0x000f9f       data     extern C:\MCC18\SRC\TRADIT~1\PROC\p18f8722.asm
                     PIE2   0x000fa0       data     extern C:\MCC18\SRC\TRADIT~1\PROC\p18f8722.asm
                 PIE2bits   0x000fa0       data     extern C:\MCC18\SRC\TRADIT~1\PROC\p18f8722.asm
                     PIR2   0x000fa1       data     extern C:\MCC18\SRC\TRADIT~1\PROC\p18f8722.asm
                 PIR2bits   0x000fa1       data     extern C:\MCC18\SRC\TRADIT~1\PROC\p18f8722.asm
                     IPR2   0x000fa2       data     extern C:\MCC18\SRC\TRADIT~1\PROC\p18f8722.asm
                 IPR2bits   0x000fa2       data     extern C:\MCC18\SRC\TRADIT~1\PROC\p18f8722.asm
                     PIE3   0x000fa3       data     extern C:\MCC18\SRC\TRADIT~1\PROC\p18f8722.asm
                 PIE3bits   0x000fa3       data     extern C:\MCC18\SRC\TRADIT~1\PROC\p18f8722.asm
                 PIR3bits   0x000fa4       data     extern C:\MCC18\SRC\TRADIT~1\PROC\p18f8722.asm
                     PIR3   0x000fa4       data     extern C:\MCC18\SRC\TRADIT~1\PROC\p18f8722.asm
                 IPR3bits   0x000fa5       data     extern C:\MCC18\SRC\TRADIT~1\PROC\p18f8722.asm
                     IPR3   0x000fa5       data     extern C:\MCC18\SRC\TRADIT~1\PROC\p18f8722.asm
                   EECON1   0x000fa6       data     extern C:\MCC18\SRC\TRADIT~1\PROC\p18f8722.asm
               EECON1bits   0x000fa6       data     extern C:\MCC18\SRC\TRADIT~1\PROC\p18f8722.asm
                   EECON2   0x000fa7       data     extern C:\MCC18\SRC\TRADIT~1\PROC\p18f8722.asm
                   EEDATA   0x000fa8       data     extern C:\MCC18\SRC\TRADIT~1\PROC\p18f8722.asm
                    EEADR   0x000fa9       data     extern C:\MCC18\SRC\TRADIT~1\PROC\p18f8722.asm
                   EEADRH   0x000faa       data     extern C:\MCC18\SRC\TRADIT~1\PROC\p18f8722.asm
                   RCSTA1   0x000fab       data     extern C:\MCC18\SRC\TRADIT~1\PROC\p18f8722.asm
               RCSTA1bits   0x000fab       data     extern C:\MCC18\SRC\TRADIT~1\PROC\p18f8722.asm
                    RCSTA   0x000fab       data     extern C:\MCC18\SRC\TRADIT~1\PROC\p18f8722.asm
                RCSTAbits   0x000fab       data     extern C:\MCC18\SRC\TRADIT~1\PROC\p18f8722.asm
               TXSTA1bits   0x000fac       data     extern C:\MCC18\SRC\TRADIT~1\PROC\p18f8722.asm
                   TXSTA1   0x000fac       data     extern C:\MCC18\SRC\TRADIT~1\PROC\p18f8722.asm
                    TXSTA   0x000fac       data     extern C:\MCC18\SRC\TRADIT~1\PROC\p18f8722.asm
                TXSTAbits   0x000fac       data     extern C:\MCC18\SRC\TRADIT~1\PROC\p18f8722.asm
                    TXREG   0x000fad       data     extern C:\MCC18\SRC\TRADIT~1\PROC\p18f8722.asm
                   TXREG1   0x000fad       data     extern C:\MCC18\SRC\TRADIT~1\PROC\p18f8722.asm
                   RCREG1   0x000fae       data     extern C:\MCC18\SRC\TRADIT~1\PROC\p18f8722.asm
                    RCREG   0x000fae       data     extern C:\MCC18\SRC\TRADIT~1\PROC\p18f8722.asm
                   SPBRG1   0x000faf       data     extern C:\MCC18\SRC\TRADIT~1\PROC\p18f8722.asm
                    SPBRG   0x000faf       data     extern C:\MCC18\SRC\TRADIT~1\PROC\p18f8722.asm
                   PSPCON   0x000fb0       data     extern C:\MCC18\SRC\TRADIT~1\PROC\p18f8722.asm
               PSPCONbits   0x000fb0       data     extern C:\MCC18\SRC\TRADIT~1\PROC\p18f8722.asm
                T3CONbits   0x000fb1       data     extern C:\MCC18\SRC\TRADIT~1\PROC\p18f8722.asm
                    T3CON   0x000fb1       data     extern C:\MCC18\SRC\TRADIT~1\PROC\p18f8722.asm
                    TMR3L   0x000fb2       data     extern C:\MCC18\SRC\TRADIT~1\PROC\p18f8722.asm
                    TMR3H   0x000fb3       data     extern C:\MCC18\SRC\TRADIT~1\PROC\p18f8722.asm
                CMCONbits   0x000fb4       data     extern C:\MCC18\SRC\TRADIT~1\PROC\p18f8722.asm
                    CMCON   0x000fb4       data     extern C:\MCC18\SRC\TRADIT~1\PROC\p18f8722.asm
               CVRCONbits   0x000fb5       data     extern C:\MCC18\SRC\TRADIT~1\PROC\p18f8722.asm
                   CVRCON   0x000fb5       data     extern C:\MCC18\SRC\TRADIT~1\PROC\p18f8722.asm
                  ECCP1AS   0x000fb6       data     extern C:\MCC18\SRC\TRADIT~1\PROC\p18f8722.asm
              ECCP1ASbits   0x000fb6       data     extern C:\MCC18\SRC\TRADIT~1\PROC\p18f8722.asm
                 ECCP3CON   0x000fb7       data     extern C:\MCC18\SRC\TRADIT~1\PROC\p18f8722.asm
             ECCP3CONbits   0x000fb7       data     extern C:\MCC18\SRC\TRADIT~1\PROC\p18f8722.asm
              CCP3CONbits   0x000fb7       data     extern C:\MCC18\SRC\TRADIT~1\PROC\p18f8722.asm
                  CCP3CON   0x000fb7       data     extern C:\MCC18\SRC\TRADIT~1\PROC\p18f8722.asm
                    CCPR3   0x000fb8       data     extern C:\MCC18\SRC\TRADIT~1\PROC\p18f8722.asm
                   CCPR3L   0x000fb8       data     extern C:\MCC18\SRC\TRADIT~1\PROC\p18f8722.asm
                   CCPR3H   0x000fb9       data     extern C:\MCC18\SRC\TRADIT~1\PROC\p18f8722.asm
                  CCP2CON   0x000fba       data     extern C:\MCC18\SRC\TRADIT~1\PROC\p18f8722.asm
                 ECCP2CON   0x000fba       data     extern C:\MCC18\SRC\TRADIT~1\PROC\p18f8722.asm
             ECCP2CONbits   0x000fba       data     extern C:\MCC18\SRC\TRADIT~1\PROC\p18f8722.asm
              CCP2CONbits   0x000fba       data     extern C:\MCC18\SRC\TRADIT~1\PROC\p18f8722.asm
                    CCPR2   0x000fbb       data     extern C:\MCC18\SRC\TRADIT~1\PROC\p18f8722.asm
                   CCPR2L   0x000fbb       data     extern C:\MCC18\SRC\TRADIT~1\PROC\p18f8722.asm
                   CCPR2H   0x000fbc       data     extern C:\MCC18\SRC\TRADIT~1\PROC\p18f8722.asm
                 ECCP1CON   0x000fbd       data     extern C:\MCC18\SRC\TRADIT~1\PROC\p18f8722.asm
             ECCP1CONbits   0x000fbd       data     extern C:\MCC18\SRC\TRADIT~1\PROC\p18f8722.asm
                  CCP1CON   0x000fbd       data     extern C:\MCC18\SRC\TRADIT~1\PROC\p18f8722.asm
              CCP1CONbits   0x000fbd       data     extern C:\MCC18\SRC\TRADIT~1\PROC\p18f8722.asm
                    CCPR1   0x000fbe       data     extern C:\MCC18\SRC\TRADIT~1\PROC\p18f8722.asm
                   CCPR1L   0x000fbe       data     extern C:\MCC18\SRC\TRADIT~1\PROC\p18f8722.asm
                   CCPR1H   0x000fbf       data     extern C:\MCC18\SRC\TRADIT~1\PROC\p18f8722.asm
               ADCON2bits   0x000fc0       data     extern C:\MCC18\SRC\TRADIT~1\PROC\p18f8722.asm
                   ADCON2   0x000fc0       data     extern C:\MCC18\SRC\TRADIT~1\PROC\p18f8722.asm
               ADCON1bits   0x000fc1       data     extern C:\MCC18\SRC\TRADIT~1\PROC\p18f8722.asm
                   ADCON1   0x000fc1       data     extern C:\MCC18\SRC\TRADIT~1\PROC\p18f8722.asm
                   ADCON0   0x000fc2       data     extern C:\MCC18\SRC\TRADIT~1\PROC\p18f8722.asm
               ADCON0bits   0x000fc2       data     extern C:\MCC18\SRC\TRADIT~1\PROC\p18f8722.asm
                   ADRESL   0x000fc3       data     extern C:\MCC18\SRC\TRADIT~1\PROC\p18f8722.asm
                    ADRES   0x000fc3       data     extern C:\MCC18\SRC\TRADIT~1\PROC\p18f8722.asm
                   ADRESH   0x000fc4       data     extern C:\MCC18\SRC\TRADIT~1\PROC\p18f8722.asm
              SSPCON2bits   0x000fc5       data     extern C:\MCC18\SRC\TRADIT~1\PROC\p18f8722.asm
                 SSP1CON2   0x000fc5       data     extern C:\MCC18\SRC\TRADIT~1\PROC\p18f8722.asm
                  SSPCON2   0x000fc5       data     extern C:\MCC18\SRC\TRADIT~1\PROC\p18f8722.asm
             SSP1CON2bits   0x000fc5       data     extern C:\MCC18\SRC\TRADIT~1\PROC\p18f8722.asm
              SSPCON1bits   0x000fc6       data     extern C:\MCC18\SRC\TRADIT~1\PROC\p18f8722.asm
                  SSPCON1   0x000fc6       data     extern C:\MCC18\SRC\TRADIT~1\PROC\p18f8722.asm
                 SSP1CON1   0x000fc6       data     extern C:\MCC18\SRC\TRADIT~1\PROC\p18f8722.asm
             SSP1CON1bits   0x000fc6       data     extern C:\MCC18\SRC\TRADIT~1\PROC\p18f8722.asm
             SSP1STATbits   0x000fc7       data     extern C:\MCC18\SRC\TRADIT~1\PROC\p18f8722.asm
                 SSP1STAT   0x000fc7       data     extern C:\MCC18\SRC\TRADIT~1\PROC\p18f8722.asm
                  SSPSTAT   0x000fc7       data     extern C:\MCC18\SRC\TRADIT~1\PROC\p18f8722.asm
              SSPSTATbits   0x000fc7       data     extern C:\MCC18\SRC\TRADIT~1\PROC\p18f8722.asm
                  SSP1ADD   0x000fc8       data     extern C:\MCC18\SRC\TRADIT~1\PROC\p18f8722.asm
                   SSPADD   0x000fc8       data     extern C:\MCC18\SRC\TRADIT~1\PROC\p18f8722.asm
                  SSP1BUF   0x000fc9       data     extern C:\MCC18\SRC\TRADIT~1\PROC\p18f8722.asm
                   SSPBUF   0x000fc9       data     extern C:\MCC18\SRC\TRADIT~1\PROC\p18f8722.asm
                T2CONbits   0x000fca       data     extern C:\MCC18\SRC\TRADIT~1\PROC\p18f8722.asm
                    T2CON   0x000fca       data     extern C:\MCC18\SRC\TRADIT~1\PROC\p18f8722.asm
                      PR2   0x000fcb       data     extern C:\MCC18\SRC\TRADIT~1\PROC\p18f8722.asm
                     TMR2   0x000fcc       data     extern C:\MCC18\SRC\TRADIT~1\PROC\p18f8722.asm
                T1CONbits   0x000fcd       data     extern C:\MCC18\SRC\TRADIT~1\PROC\p18f8722.asm
                    T1CON   0x000fcd       data     extern C:\MCC18\SRC\TRADIT~1\PROC\p18f8722.asm
                    TMR1L   0x000fce       data     extern C:\MCC18\SRC\TRADIT~1\PROC\p18f8722.asm
                    TMR1H   0x000fcf       data     extern C:\MCC18\SRC\TRADIT~1\PROC\p18f8722.asm
                 RCONbits   0x000fd0       data     extern C:\MCC18\SRC\TRADIT~1\PROC\p18f8722.asm
                     RCON   0x000fd0       data     extern C:\MCC18\SRC\TRADIT~1\PROC\p18f8722.asm
               WDTCONbits   0x000fd1       data     extern C:\MCC18\SRC\TRADIT~1\PROC\p18f8722.asm
                   WDTCON   0x000fd1       data     extern C:\MCC18\SRC\TRADIT~1\PROC\p18f8722.asm
                   LVDCON   0x000fd2       data     extern C:\MCC18\SRC\TRADIT~1\PROC\p18f8722.asm
               LVDCONbits   0x000fd2       data     extern C:\MCC18\SRC\TRADIT~1\PROC\p18f8722.asm
                  HLVDCON   0x000fd2       data     extern C:\MCC18\SRC\TRADIT~1\PROC\p18f8722.asm
              HLVDCONbits   0x000fd2       data     extern C:\MCC18\SRC\TRADIT~1\PROC\p18f8722.asm
               OSCCONbits   0x000fd3       data     extern C:\MCC18\SRC\TRADIT~1\PROC\p18f8722.asm
                   OSCCON   0x000fd3       data     extern C:\MCC18\SRC\TRADIT~1\PROC\p18f8722.asm
                T0CONbits   0x000fd5       data     extern C:\MCC18\SRC\TRADIT~1\PROC\p18f8722.asm
                    T0CON   0x000fd5       data     extern C:\MCC18\SRC\TRADIT~1\PROC\p18f8722.asm
                    TMR0L   0x000fd6       data     extern C:\MCC18\SRC\TRADIT~1\PROC\p18f8722.asm
                    TMR0H   0x000fd7       data     extern C:\MCC18\SRC\TRADIT~1\PROC\p18f8722.asm
                   STATUS   0x000fd8       data     extern C:\MCC18\SRC\TRADIT~1\PROC\p18f8722.asm
               STATUSbits   0x000fd8       data     extern C:\MCC18\SRC\TRADIT~1\PROC\p18f8722.asm
                    FSR2L   0x000fd9       data     extern C:\MCC18\SRC\TRADIT~1\PROC\p18f8722.asm
                     FSR2   0x000fd9       data     extern C:\MCC18\SRC\TRADIT~1\PROC\p18f8722.asm
                    FSR2H   0x000fda       data     extern C:\MCC18\SRC\TRADIT~1\PROC\p18f8722.asm
                   PLUSW2   0x000fdb       data     extern C:\MCC18\SRC\TRADIT~1\PROC\p18f8722.asm
                  PREINC2   0x000fdc       data     extern C:\MCC18\SRC\TRADIT~1\PROC\p18f8722.asm
                 POSTDEC2   0x000fdd       data     extern C:\MCC18\SRC\TRADIT~1\PROC\p18f8722.asm
                 POSTINC2   0x000fde       data     extern C:\MCC18\SRC\TRADIT~1\PROC\p18f8722.asm
                    INDF2   0x000fdf       data     extern C:\MCC18\SRC\TRADIT~1\PROC\p18f8722.asm
                      BSR   0x000fe0       data     extern C:\MCC18\SRC\TRADIT~1\PROC\p18f8722.asm
                     FSR1   0x000fe1       data     extern C:\MCC18\SRC\TRADIT~1\PROC\p18f8722.asm
                    FSR1L   0x000fe1       data     extern C:\MCC18\SRC\TRADIT~1\PROC\p18f8722.asm
                    FSR1H   0x000fe2       data     extern C:\MCC18\SRC\TRADIT~1\PROC\p18f8722.asm
                   PLUSW1   0x000fe3       data     extern C:\MCC18\SRC\TRADIT~1\PROC\p18f8722.asm
                  PREINC1   0x000fe4       data     extern C:\MCC18\SRC\TRADIT~1\PROC\p18f8722.asm
                 POSTDEC1   0x000fe5       data     extern C:\MCC18\SRC\TRADIT~1\PROC\p18f8722.asm
                 POSTINC1   0x000fe6       data     extern C:\MCC18\SRC\TRADIT~1\PROC\p18f8722.asm
                    INDF1   0x000fe7       data     extern C:\MCC18\SRC\TRADIT~1\PROC\p18f8722.asm
                     WREG   0x000fe8       data     extern C:\MCC18\SRC\TRADIT~1\PROC\p18f8722.asm
                     FSR0   0x000fe9       data     extern C:\MCC18\SRC\TRADIT~1\PROC\p18f8722.asm
                    FSR0L   0x000fe9       data     extern C:\MCC18\SRC\TRADIT~1\PROC\p18f8722.asm
                    FSR0H   0x000fea       data     extern C:\MCC18\SRC\TRADIT~1\PROC\p18f8722.asm
                   PLUSW0   0x000feb       data     extern C:\MCC18\SRC\TRADIT~1\PROC\p18f8722.asm
                  PREINC0   0x000fec       data     extern C:\MCC18\SRC\TRADIT~1\PROC\p18f8722.asm
                 POSTDEC0   0x000fed       data     extern C:\MCC18\SRC\TRADIT~1\PROC\p18f8722.asm
                 POSTINC0   0x000fee       data     extern C:\MCC18\SRC\TRADIT~1\PROC\p18f8722.asm
                    INDF0   0x000fef       data     extern C:\MCC18\SRC\TRADIT~1\PROC\p18f8722.asm
              INTCON3bits   0x000ff0       data     extern C:\MCC18\SRC\TRADIT~1\PROC\p18f8722.asm
                  INTCON3   0x000ff0       data     extern C:\MCC18\SRC\TRADIT~1\PROC\p18f8722.asm
                  INTCON2   0x000ff1       data     extern C:\MCC18\SRC\TRADIT~1\PROC\p18f8722.asm
              INTCON2bits   0x000ff1       data     extern C:\MCC18\SRC\TRADIT~1\PROC\p18f8722.asm
               INTCONbits   0x000ff2       data     extern C:\MCC18\SRC\TRADIT~1\PROC\p18f8722.asm
                   INTCON   0x000ff2       data     extern C:\MCC18\SRC\TRADIT~1\PROC\p18f8722.asm
                     PROD   0x000ff3       data     extern C:\MCC18\SRC\TRADIT~1\PROC\p18f8722.asm
                    PRODL   0x000ff3       data     extern C:\MCC18\SRC\TRADIT~1\PROC\p18f8722.asm
                    PRODH   0x000ff4       data     extern C:\MCC18\SRC\TRADIT~1\PROC\p18f8722.asm
                   TABLAT   0x000ff5       data     extern C:\MCC18\SRC\TRADIT~1\PROC\p18f8722.asm
                   TBLPTR   0x000ff6       data     extern C:\MCC18\SRC\TRADIT~1\PROC\p18f8722.asm
                  TBLPTRL   0x000ff6       data     extern C:\MCC18\SRC\TRADIT~1\PROC\p18f8722.asm
                  TBLPTRH   0x000ff7       data     extern C:\MCC18\SRC\TRADIT~1\PROC\p18f8722.asm
                  TBLPTRU   0x000ff8       data     extern C:\MCC18\SRC\TRADIT~1\PROC\p18f8722.asm
                      PCL   0x000ff9       data     extern C:\MCC18\SRC\TRADIT~1\PROC\p18f8722.asm
                       PC   0x000ff9       data     extern C:\MCC18\SRC\TRADIT~1\PROC\p18f8722.asm
                   PCLATH   0x000ffa       data     extern C:\MCC18\SRC\TRADIT~1\PROC\p18f8722.asm
                   PCLATU   0x000ffb       data     extern C:\MCC18\SRC\TRADIT~1\PROC\p18f8722.asm
               STKPTRbits   0x000ffc       data     extern C:\MCC18\SRC\TRADIT~1\PROC\p18f8722.asm
                   STKPTR   0x000ffc       data     extern C:\MCC18\SRC\TRADIT~1\PROC\p18f8722.asm
                     TOSL   0x000ffd       data     extern C:\MCC18\SRC\TRADIT~1\PROC\p18f8722.asm
                      TOS   0x000ffd       data     extern C:\MCC18\SRC\TRADIT~1\PROC\p18f8722.asm
                     TOSH   0x000ffe       data     extern C:\MCC18\SRC\TRADIT~1\PROC\p18f8722.asm
                     TOSU   0x000fff       data     extern C:\MCC18\SRC\TRADIT~1\PROC\p18f8722.asm


